Archive member included to satisfy reference by file (symbol)

C:/ST/STM32CubeIDE_1.17.0/STM32CubeIDE/plugins/com.st.stm32cube.ide.mcu.externaltools.gnu-tools-for-stm32.13.3.rel1.win32_1.0.0.202411081344/tools/bin/../lib/gcc/arm-none-eabi/13.3.1/../../../../arm-none-eabi/lib/thumb/v7e-m+dp/hard\libc_nano.a(libc_a-exit.o)
                              C:/ST/STM32CubeIDE_1.17.0/STM32CubeIDE/plugins/com.st.stm32cube.ide.mcu.externaltools.gnu-tools-for-stm32.13.3.rel1.win32_1.0.0.202411081344/tools/bin/../lib/gcc/arm-none-eabi/13.3.1/../../../../arm-none-eabi/lib/thumb/v7e-m+dp/hard/crt0.o (exit)
C:/ST/STM32CubeIDE_1.17.0/STM32CubeIDE/plugins/com.st.stm32cube.ide.mcu.externaltools.gnu-tools-for-stm32.13.3.rel1.win32_1.0.0.202411081344/tools/bin/../lib/gcc/arm-none-eabi/13.3.1/../../../../arm-none-eabi/lib/thumb/v7e-m+dp/hard\libc_nano.a(libc_a-findfp.o)
                              C:/ST/STM32CubeIDE_1.17.0/STM32CubeIDE/plugins/com.st.stm32cube.ide.mcu.externaltools.gnu-tools-for-stm32.13.3.rel1.win32_1.0.0.202411081344/tools/bin/../lib/gcc/arm-none-eabi/13.3.1/../../../../arm-none-eabi/lib/thumb/v7e-m+dp/hard\libc_nano.a(libc_a-exit.o) (__stdio_exit_handler)
C:/ST/STM32CubeIDE_1.17.0/STM32CubeIDE/plugins/com.st.stm32cube.ide.mcu.externaltools.gnu-tools-for-stm32.13.3.rel1.win32_1.0.0.202411081344/tools/bin/../lib/gcc/arm-none-eabi/13.3.1/../../../../arm-none-eabi/lib/thumb/v7e-m+dp/hard\libc_nano.a(libc_a-fwalk.o)
                              C:/ST/STM32CubeIDE_1.17.0/STM32CubeIDE/plugins/com.st.stm32cube.ide.mcu.externaltools.gnu-tools-for-stm32.13.3.rel1.win32_1.0.0.202411081344/tools/bin/../lib/gcc/arm-none-eabi/13.3.1/../../../../arm-none-eabi/lib/thumb/v7e-m+dp/hard\libc_nano.a(libc_a-findfp.o) (_fwalk_sglue)
C:/ST/STM32CubeIDE_1.17.0/STM32CubeIDE/plugins/com.st.stm32cube.ide.mcu.externaltools.gnu-tools-for-stm32.13.3.rel1.win32_1.0.0.202411081344/tools/bin/../lib/gcc/arm-none-eabi/13.3.1/../../../../arm-none-eabi/lib/thumb/v7e-m+dp/hard\libc_nano.a(libc_a-stdio.o)
                              C:/ST/STM32CubeIDE_1.17.0/STM32CubeIDE/plugins/com.st.stm32cube.ide.mcu.externaltools.gnu-tools-for-stm32.13.3.rel1.win32_1.0.0.202411081344/tools/bin/../lib/gcc/arm-none-eabi/13.3.1/../../../../arm-none-eabi/lib/thumb/v7e-m+dp/hard\libc_nano.a(libc_a-findfp.o) (__sread)
C:/ST/STM32CubeIDE_1.17.0/STM32CubeIDE/plugins/com.st.stm32cube.ide.mcu.externaltools.gnu-tools-for-stm32.13.3.rel1.win32_1.0.0.202411081344/tools/bin/../lib/gcc/arm-none-eabi/13.3.1/../../../../arm-none-eabi/lib/thumb/v7e-m+dp/hard\libc_nano.a(libc_a-memset.o)
                              C:/ST/STM32CubeIDE_1.17.0/STM32CubeIDE/plugins/com.st.stm32cube.ide.mcu.externaltools.gnu-tools-for-stm32.13.3.rel1.win32_1.0.0.202411081344/tools/bin/../lib/gcc/arm-none-eabi/13.3.1/../../../../arm-none-eabi/lib/thumb/v7e-m+dp/hard/crt0.o (memset)
C:/ST/STM32CubeIDE_1.17.0/STM32CubeIDE/plugins/com.st.stm32cube.ide.mcu.externaltools.gnu-tools-for-stm32.13.3.rel1.win32_1.0.0.202411081344/tools/bin/../lib/gcc/arm-none-eabi/13.3.1/../../../../arm-none-eabi/lib/thumb/v7e-m+dp/hard\libc_nano.a(libc_a-closer.o)
                              C:/ST/STM32CubeIDE_1.17.0/STM32CubeIDE/plugins/com.st.stm32cube.ide.mcu.externaltools.gnu-tools-for-stm32.13.3.rel1.win32_1.0.0.202411081344/tools/bin/../lib/gcc/arm-none-eabi/13.3.1/../../../../arm-none-eabi/lib/thumb/v7e-m+dp/hard\libc_nano.a(libc_a-stdio.o) (_close_r)
C:/ST/STM32CubeIDE_1.17.0/STM32CubeIDE/plugins/com.st.stm32cube.ide.mcu.externaltools.gnu-tools-for-stm32.13.3.rel1.win32_1.0.0.202411081344/tools/bin/../lib/gcc/arm-none-eabi/13.3.1/../../../../arm-none-eabi/lib/thumb/v7e-m+dp/hard\libc_nano.a(libc_a-reent.o)
                              C:/ST/STM32CubeIDE_1.17.0/STM32CubeIDE/plugins/com.st.stm32cube.ide.mcu.externaltools.gnu-tools-for-stm32.13.3.rel1.win32_1.0.0.202411081344/tools/bin/../lib/gcc/arm-none-eabi/13.3.1/../../../../arm-none-eabi/lib/thumb/v7e-m+dp/hard\libc_nano.a(libc_a-closer.o) (errno)
C:/ST/STM32CubeIDE_1.17.0/STM32CubeIDE/plugins/com.st.stm32cube.ide.mcu.externaltools.gnu-tools-for-stm32.13.3.rel1.win32_1.0.0.202411081344/tools/bin/../lib/gcc/arm-none-eabi/13.3.1/../../../../arm-none-eabi/lib/thumb/v7e-m+dp/hard\libc_nano.a(libc_a-impure.o)
                              C:/ST/STM32CubeIDE_1.17.0/STM32CubeIDE/plugins/com.st.stm32cube.ide.mcu.externaltools.gnu-tools-for-stm32.13.3.rel1.win32_1.0.0.202411081344/tools/bin/../lib/gcc/arm-none-eabi/13.3.1/../../../../arm-none-eabi/lib/thumb/v7e-m+dp/hard\libc_nano.a(libc_a-reent.o) (_impure_ptr)
C:/ST/STM32CubeIDE_1.17.0/STM32CubeIDE/plugins/com.st.stm32cube.ide.mcu.externaltools.gnu-tools-for-stm32.13.3.rel1.win32_1.0.0.202411081344/tools/bin/../lib/gcc/arm-none-eabi/13.3.1/../../../../arm-none-eabi/lib/thumb/v7e-m+dp/hard\libc_nano.a(libc_a-lseekr.o)
[...]
Memory Configuration

Name             Origin             Length             Attributes
ITCMRAM          0x00000000         0x00010000         xrw
DTCMRAM          0x20000000         0x00020000         xrw
FLASH            0x08000000         0x00100000         xr
RAM_D1           0x24000000         0x00050000         xrw
RAM_D2           0x30000000         0x00008000         xrw
RAM_D3           0x38000000         0x00004000         xrw
*default*        0x00000000         0xffffffff

Linker script and memory map

LOAD C:/ST/STM32CubeIDE_1.17.0/STM32CubeIDE/plugins/com.st.stm32cube.ide.mcu.externaltools.gnu-tools-for-stm32.13.3.rel1.win32_1.0.0.202411081344/tools/bin/../lib/gcc/arm-none-eabi/13.3.1/thumb/v7e-m+dp/hard/crti.o
LOAD C:/ST/STM32CubeIDE_1.17.0/STM32CubeIDE/plugins/com.st.stm32cube.ide.mcu.externaltools.gnu-tools-for-stm32.13.3.rel1.win32_1.0.0.202411081344/tools/bin/../lib/gcc/arm-none-eabi/13.3.1/thumb/v7e-m+dp/hard/crtbegin.o
LOAD C:/ST/STM32CubeIDE_1.17.0/STM32CubeIDE/plugins/com.st.stm32cube.ide.mcu.externaltools.gnu-tools-for-stm32.13.3.rel1.win32_1.0.0.202411081344/tools/bin/../lib/gcc/arm-none-eabi/13.3.1/../../../../arm-none-eabi/lib/thumb/v7e-m+dp/hard/crt0.o
LOAD ./Core/Libs/SX1262.o
LOAD ./Core/Libs/dev_sx1262/sx1262.o
LOAD ./Core/Libs/dev_sx1262/sx1262_hal.o
LOAD ./Core/Src/main.o
LOAD ./Core/Src/stm32h7xx_hal_msp.o
LOAD ./Core/Src/stm32h7xx_it.o
LOAD ./Core/Src/syscalls.o
LOAD ./Core/Src/sysmem.o
LOAD ./Core/Src/system_stm32h7xx.o
LOAD ./Core/Startup/startup_stm32h723zgtx.o
LOAD ./Drivers/STM32H7xx_HAL_Driver/Src/stm32h7xx_hal.o
LOAD ./Drivers/STM32H7xx_HAL_Driver/Src/stm32h7xx_hal_cortex.o
LOAD ./Drivers/STM32H7xx_HAL_Driver/Src/stm32h7xx_hal_dma.o
LOAD ./Drivers/STM32H7xx_HAL_Driver/Src/stm32h7xx_hal_dma_ex.o
LOAD ./Drivers/STM32H7xx_HAL_Driver/Src/stm32h7xx_hal_exti.o
LOAD ./Drivers/STM32H7xx_HAL_Driver/Src/stm32h7xx_hal_flash.o
LOAD ./Drivers/STM32H7xx_HAL_Driver/Src/stm32h7xx_hal_flash_ex.o
LOAD ./Drivers/STM32H7xx_HAL_Driver/Src/stm32h7xx_hal_gpio.o
LOAD ./Drivers/STM32H7xx_HAL_Driver/Src/stm32h7xx_hal_hsem.o
LOAD ./Drivers/STM32H7xx_HAL_Driver/Src/stm32h7xx_hal_i2c.o
LOAD ./Drivers/STM32H7xx_HAL_Driver/Src/stm32h7xx_hal_i2c_ex.o
LOAD ./Drivers/STM32H7xx_HAL_Driver/Src/stm32h7xx_hal_mdma.o
LOAD ./Drivers/STM32H7xx_HAL_Driver/Src/stm32h7xx_hal_pcd.o
LOAD ./Drivers/STM32H7xx_HAL_Driver/Src/stm32h7xx_hal_pcd_ex.o
LOAD ./Drivers/STM32H7xx_HAL_Driver/Src/stm32h7xx_hal_pwr.o
LOAD ./Drivers/STM32H7xx_HAL_Driver/Src/stm32h7xx_hal_pwr_ex.o
LOAD ./Drivers/STM32H7xx_HAL_Driver/Src/stm32h7xx_hal_rcc.o
LOAD ./Drivers/STM32H7xx_HAL_Driver/Src/stm32h7xx_hal_rcc_ex.o
LOAD ./Drivers/STM32H7xx_HAL_Driver/Src/stm32h7xx_hal_spi.o
LOAD ./Drivers/STM32H7xx_HAL_Driver/Src/stm32h7xx_hal_spi_ex.o
LOAD ./Drivers/STM32H7xx_HAL_Driver/Src/stm32h7xx_ll_usb.o
LOAD ./Middlewares/ST/STM32_USB_Device_Library/Class/CDC/Src/usbd_cdc.o
LOAD ./Middlewares/ST/STM32_USB_Device_Library/Core/Src/usbd_core.o
LOAD ./Middlewares/ST/STM32_USB_Device_Library/Core/Src/usbd_ctlreq.o
LOAD ./Middlewares/ST/STM32_USB_Device_Library/Core/Src/usbd_ioreq.o
LOAD ./USB_DEVICE/App/usb_device.o
LOAD ./USB_DEVICE/App/usbd_cdc_if.o
LOAD ./USB_DEVICE/App/usbd_desc.o
LOAD ./USB_DEVICE/Target/usbd_conf.o
START GROUP
LOAD C:/ST/STM32CubeIDE_1.17.0/STM32CubeIDE/plugins/com.st.stm32cube.ide.mcu.externaltools.gnu-tools-for-stm32.13.3.rel1.win32_1.0.0.202411081344/tools/bin/../lib/gcc/arm-none-eabi/13.3.1/../../../../arm-none-eabi/lib/thumb/v7e-m+dp/hard\libc_nano.a
LOAD C:/ST/STM32CubeIDE_1.17.0/STM32CubeIDE/plugins/com.st.stm32cube.ide.mcu.externaltools.gnu-tools-for-stm32.13.3.rel1.win32_1.0.0.202411081344/tools/bin/../lib/gcc/arm-none-eabi/13.3.1/../../../../arm-none-eabi/lib/thumb/v7e-m+dp/hard\libm.a
END GROUP
START GROUP
LOAD C:/ST/STM32CubeIDE_1.17.0/STM32CubeIDE/plugins/com.st.stm32cube.ide.mcu.externaltools.gnu-tools-for-stm32.13.3.rel1.win32_1.0.0.202411081344/tools/bin/../lib/gcc/arm-none-eabi/13.3.1/thumb/v7e-m+dp/hard\libgcc.a
LOAD C:/ST/STM32CubeIDE_1.17.0/STM32CubeIDE/plugins/com.st.stm32cube.ide.mcu.externaltools.gnu-tools-for-stm32.13.3.rel1.win32_1.0.0.202411081344/tools/bin/../lib/gcc/arm-none-eabi/13.3.1/../../../../arm-none-eabi/lib/thumb/v7e-m+dp/hard\libc_nano.a
END GROUP
START GROUP
LOAD C:/ST/STM32CubeIDE_1.17.0/STM32CubeIDE/plugins/com.st.stm32cube.ide.mcu.externaltools.gnu-tools-for-stm32.13.3.rel1.win32_1.0.0.202411081344/tools/bin/../lib/gcc/arm-none-eabi/13.3.1/thumb/v7e-m+dp/hard\libgcc.a
LOAD C:/ST/STM32CubeIDE_1.17.0/STM32CubeIDE/plugins/com.st.stm32cube.ide.mcu.externaltools.gnu-tools-for-stm32.13.3.rel1.win32_1.0.0.202411081344/tools/bin/../lib/gcc/arm-none-eabi/13.3.1/../../../../arm-none-eabi/lib/thumb/v7e-m+dp/hard\libc_nano.a
LOAD C:/ST/STM32CubeIDE_1.17.0/STM32CubeIDE/plugins/com.st.stm32cube.ide.mcu.externaltools.gnu-tools-for-stm32.13.3.rel1.win32_1.0.0.202411081344/tools/bin/../lib/gcc/arm-none-eabi/13.3.1/../../../../arm-none-eabi/lib/thumb/v7e-m+dp/hard\libnosys.a
END GROUP
START GROUP
LOAD C:/ST/STM32CubeIDE_1.17.0/STM32CubeIDE/plugins/com.st.stm32cube.ide.mcu.externaltools.gnu-tools-for-stm32.13.3.rel1.win32_1.0.0.202411081344/tools/bin/../lib/gcc/arm-none-eabi/13.3.1/thumb/v7e-m+dp/hard\libgcc.a
LOAD C:/ST/STM32CubeIDE_1.17.0/STM32CubeIDE/plugins/com.st.stm32cube.ide.mcu.externaltools.gnu-tools-for-stm32.13.3.rel1.win32_1.0.0.202411081344/tools/bin/../lib/gcc/arm-none-eabi/13.3.1/../../../../arm-none-eabi/lib/thumb/v7e-m+dp/hard\libc_nano.a
LOAD C:/ST/STM32CubeIDE_1.17.0/STM32CubeIDE/plugins/com.st.stm32cube.ide.mcu.externaltools.gnu-tools-for-stm32.13.3.rel1.win32_1.0.0.202411081344/tools/bin/../lib/gcc/arm-none-eabi/13.3.1/../../../../arm-none-eabi/lib/thumb/v7e-m+dp/hard\libnosys.a
END GROUP
LOAD C:/ST/STM32CubeIDE_1.17.0/STM32CubeIDE/plugins/com.st.stm32cube.ide.mcu.externaltools.gnu-tools-for-stm32.13.3.rel1.win32_1.0.0.202411081344/tools/bin/../lib/gcc/arm-none-eabi/13.3.1/thumb/v7e-m+dp/hard/crtend.o
LOAD C:/ST/STM32CubeIDE_1.17.0/STM32CubeIDE/plugins/com.st.stm32cube.ide.mcu.externaltools.gnu-tools-for-stm32.13.3.rel1.win32_1.0.0.202411081344/tools/bin/../lib/gcc/arm-none-eabi/13.3.1/thumb/v7e-m+dp/hard/crtn.o
                0x24050000                        _estack = (ORIGIN (RAM_D1) + LENGTH (RAM_D1))
                0x00000200                        _Min_Heap_Size = 0x200
                0x00000400                        _Min_Stack_Size = 0x400

.isr_vector     0x08000000      0x2cc
                0x08000000                        . = ALIGN (0x4)
 *(.isr_vector)
 .isr_vector    0x08000000      0x2cc ./Core/Startup/startup_stm32h723zgtx.o
                0x08000000                g_pfnVectors
                0x080002cc                        . = ALIGN (0x4)

.text           0x080002d0     0xa4bc
                0x080002d0                        . = ALIGN (0x4)
 *(.text)
 .text          0x080002d0       0x40 C:/ST/STM32CubeIDE_1.17.0/STM32CubeIDE/plugins/com.st.stm32cube.ide.mcu.externaltools.gnu-tools-for-stm32.13.3.rel1.win32_1.0.0.202411081344/tools/bin/../lib/gcc/arm-none-eabi/13.3.1/thumb/v7e-m+dp/hard/crtbegin.o
 *(.text*)
 .text.sx1262_cs_low
                0x08000310       0x24 ./Core/Libs/dev_sx1262/sx1262.o
                0x08000310                sx1262_cs_low
 .text.sx1262_cs_high
                0x08000334       0x24 ./Core/Libs/dev_sx1262/sx1262.o
                0x08000334                sx1262_cs_high
 .text.sx1262_busy_wait
                0x08000358       0x4c ./Core/Libs/dev_sx1262/sx1262.o
                0x08000358                sx1262_busy_wait
 .text.sx1262_send_command
                0x080003a4       0x96 ./Core/Libs/dev_sx1262/sx1262.o
                0x080003a4                sx1262_send_command
 .text.sx1262_check_communication
                0x0800043a       0x68 ./Core/Libs/dev_sx1262/sx1262.o
                0x0800043a                sx1262_check_communication
 .text.sx1262_init
                0x080004a2      0x11a ./Core/Libs/dev_sx1262/sx1262.o
                0x080004a2                sx1262_init
 .text.sx1262_set_packet_type
                0x080005bc       0x5a ./Core/Libs/dev_sx1262/sx1262.o
                0x080005bc                sx1262_set_packet_type
 *fill*         0x08000616        0x2 
 .text.sx1262_set_frequency
                0x08000618       0xb0 ./Core/Libs/dev_sx1262/sx1262.o
                0x08000618                sx1262_set_frequency
 .text.sx1262_set_lora_modulation_params
                0x080006c8       0x82 ./Core/Libs/dev_sx1262/sx1262.o
                0x080006c8                sx1262_set_lora_modulation_params
 .text.sx1262_set_lora_packet_params
                0x0800074a       0xbc ./Core/Libs/dev_sx1262/sx1262.o
                0x0800074a                sx1262_set_lora_packet_params
 .text.sx1262_set_dio_irq_params
                0x08000806       0x78 ./Core/Libs/dev_sx1262/sx1262.o
                0x08000806                sx1262_set_dio_irq_params
 .text.sx1262_set_dio2_as_rf_switch_crtl
                0x0800087e       0x40 ./Core/Libs/dev_sx1262/sx1262.o
                0x0800087e                sx1262_set_dio2_as_rf_switch_crtl
 .text.sx1262_set_stop_timer_on_sync_word
                0x080008be       0x32 ./Core/Libs/dev_sx1262/sx1262.o
                0x080008be                sx1262_set_stop_timer_on_sync_word
 .text.sx1262_set_pa_config
                0x080008f0       0x52 ./Core/Libs/dev_sx1262/sx1262.o
                0x080008f0                sx1262_set_pa_config
 .text.sx1262_set_tx_params
                0x08000942       0x3e ./Core/Libs/dev_sx1262/sx1262.o
                0x08000942                sx1262_set_tx_params
 .text.sx1262_set_lora_symbol_timeout
                0x08000980       0x44 ./Core/Libs/dev_sx1262/sx1262.o
                0x08000980                sx1262_set_lora_symbol_timeout
 .text.SX1262_set_fallback_mode
                0x080009c4       0x36 ./Core/Libs/dev_sx1262/sx1262.o
                0x080009c4                SX1262_set_fallback_mode
 .text.sx1262_get_irq_status
                0x080009fa       0x74 ./Core/Libs/dev_sx1262/sx1262.o
                0x080009fa                sx1262_get_irq_status
 .text.sx1262_clear_irq_status
                0x08000a6e       0x48 ./Core/Libs/dev_sx1262/sx1262.o
                0x08000a6e                sx1262_clear_irq_status
 .text.sx1262_irq_handler
                0x08000ab6       0xca ./Core/Libs/dev_sx1262/sx1262.o
                0x08000ab6                sx1262_irq_handler
 .text.sx1262_handle_rx_done
                0x08000b80      0x24e ./Core/Libs/dev_sx1262/sx1262.o
                0x08000b80                sx1262_handle_rx_done
 .text.sx1262_lora_transmit_it
                0x08000dce      0x184 ./Core/Libs/dev_sx1262/sx1262.o
                0x08000dce                sx1262_lora_transmit_it
 .text.sx1262_lora_transmit
                0x08000f52       0x96 ./Core/Libs/dev_sx1262/sx1262.o
                0x08000f52                sx1262_lora_transmit
 .text.sx1262_hal_spi_cs_low
                0x08000fe8       0x18 ./Core/Libs/dev_sx1262/sx1262_hal.o
                0x08000fe8                sx1262_hal_spi_cs_low
 .text.sx1262_hal_spi_cs_high
                0x08001000       0x18 ./Core/Libs/dev_sx1262/sx1262_hal.o
                0x08001000                sx1262_hal_spi_cs_high
 .text.sx1262_hal_gpio_read_busy
                0x08001018       0x18 ./Core/Libs/dev_sx1262/sx1262_hal.o
                0x08001018                sx1262_hal_gpio_read_busy
 .text.sx1262_hal_gpio_write_reset
                0x08001030       0x34 ./Core/Libs/dev_sx1262/sx1262_hal.o
                0x08001030                sx1262_hal_gpio_write_reset
 .text.sx1262_hal_spi_transmit_receive
                0x08001064       0x30 ./Core/Libs/dev_sx1262/sx1262_hal.o
                0x08001064                sx1262_hal_spi_transmit_receive
 .text.sx1262_hal_delay_ms
                0x08001094       0x16 ./Core/Libs/dev_sx1262/sx1262_hal.o
                0x08001094                sx1262_hal_delay_ms
 .text.sx1262_hal_get_tick
                0x080010aa        0xe ./Core/Libs/dev_sx1262/sx1262_hal.o
                0x080010aa                sx1262_hal_get_tick
 .text.sx1262_receive_callback
                0x080010b8       0x1a ./Core/Src/main.o
                0x080010b8                sx1262_receive_callback
 *fill*         0x080010d2        0x2 
 .text.main     0x080010d4      0x134 ./Core/Src/main.o
                0x080010d4                main
 .text.SystemClock_Config
                0x08001208       0xe0 ./Core/Src/main.o
                0x08001208                SystemClock_Config
 .text.MX_SPI4_Init
                0x080012e8       0xac ./Core/Src/main.o
 .text.MX_GPIO_Init
                0x08001394      0x138 ./Core/Src/main.o
 .text.config_lora
                0x080014cc      0x130 ./Core/Src/main.o
 .text.HAL_GPIO_EXTI_Callback
                0x080015fc       0x28 ./Core/Src/main.o
                0x080015fc                HAL_GPIO_EXTI_Callback
 .text.MPU_Config
                0x08001624       0x58 ./Core/Src/main.o
 .text.Error_Handler
                0x0800167c        0xc ./Core/Src/main.o
                0x0800167c                Error_Handler
 .text.HAL_MspInit
                0x08001688       0x34 ./Core/Src/stm32h7xx_hal_msp.o
                0x08001688                HAL_MspInit
 .text.HAL_SPI_MspInit
                0x080016bc       0xd0 ./Core/Src/stm32h7xx_hal_msp.o
                0x080016bc                HAL_SPI_MspInit
 .text.NMI_Handler
                0x0800178c        0x8 ./Core/Src/stm32h7xx_it.o
                0x0800178c                NMI_Handler
 .text.HardFault_Handler
                0x08001794        0x8 ./Core/Src/stm32h7xx_it.o
                0x08001794                HardFault_Handler
 .text.MemManage_Handler
                0x0800179c        0x8 ./Core/Src/stm32h7xx_it.o
                0x0800179c                MemManage_Handler
 .text.BusFault_Handler
                0x080017a4        0x8 ./Core/Src/stm32h7xx_it.o
                0x080017a4                BusFault_Handler
 .text.UsageFault_Handler
                0x080017ac        0x8 ./Core/Src/stm32h7xx_it.o
                0x080017ac                UsageFault_Handler
 .text.SVC_Handler
                0x080017b4        0xe ./Core/Src/stm32h7xx_it.o
                0x080017b4                SVC_Handler
 .text.DebugMon_Handler
                0x080017c2        0xe ./Core/Src/stm32h7xx_it.o
                0x080017c2                DebugMon_Handler
 .text.PendSV_Handler
                0x080017d0        0xe ./Core/Src/stm32h7xx_it.o
                0x080017d0                PendSV_Handler
 .text.SysTick_Handler
                0x080017de        0xc ./Core/Src/stm32h7xx_it.o
                0x080017de                SysTick_Handler
 .text.EXTI9_5_IRQHandler
                0x080017ea       0x10 ./Core/Src/stm32h7xx_it.o
                0x080017ea                EXTI9_5_IRQHandler
 *fill*         0x080017fa        0x2 
 .text.OTG_HS_IRQHandler
                0x080017fc       0x14 ./Core/Src/stm32h7xx_it.o
                0x080017fc                OTG_HS_IRQHandler
 .text.SystemInit
                0x08001810      0x120 ./Core/Src/system_stm32h7xx.o
                0x08001810                SystemInit
 .text.ExitRun0Mode
                0x08001930       0x30 ./Core/Src/system_stm32h7xx.o
                0x08001930                ExitRun0Mode
 .text.Reset_Handler
                0x08001960       0x54 ./Core/Startup/startup_stm32h723zgtx.o
                0x08001960                Reset_Handler
 .text.Default_Handler
                0x080019b4        0x2 ./Core/Startup/startup_stm32h723zgtx.o
                0x080019b4                RTC_Alarm_IRQHandler
                0x080019b4                EXTI2_IRQHandler
                0x080019b4                TIM8_CC_IRQHandler
                0x080019b4                UART8_IRQHandler
                0x080019b4                SPI4_IRQHandler
                0x080019b4                FDCAN3_IT0_IRQHandler
                0x080019b4                TIM1_CC_IRQHandler
                0x080019b4                BDMA_Channel6_IRQHandler
                0x080019b4                DMA2_Stream5_IRQHandler
                0x080019b4                DMA1_Stream5_IRQHandler
                0x080019b4                CORDIC_IRQHandler
                0x080019b4                BDMA_Channel1_IRQHandler
                0x080019b4                TAMP_STAMP_IRQHandler
                0x080019b4                EXTI3_IRQHandler
                0x080019b4                LPTIM4_IRQHandler
                0x080019b4                TIM8_TRG_COM_TIM14_IRQHandler
                0x080019b4                LPTIM2_IRQHandler
                0x080019b4                DFSDM1_FLT1_IRQHandler
                0x080019b4                DMAMUX2_OVR_IRQHandler
                0x080019b4                TIM8_UP_TIM13_IRQHandler
                0x080019b4                I2C3_ER_IRQHandler
                0x080019b4                DFSDM1_FLT2_IRQHandler
                0x080019b4                I2C5_EV_IRQHandler
                0x080019b4                USART10_IRQHandler
                0x080019b4                MDMA_IRQHandler
                0x080019b4                LPTIM3_IRQHandler
                0x080019b4                HSEM1_IRQHandler
                0x080019b4                EXTI0_IRQHandler
                0x080019b4                I2C2_EV_IRQHandler
                0x080019b4                DMA1_Stream2_IRQHandler
                0x080019b4                FPU_IRQHandler
                0x080019b4                OTG_HS_WKUP_IRQHandler
                0x080019b4                FDCAN1_IT1_IRQHandler
                0x080019b4                LTDC_ER_IRQHandler
                0x080019b4                DMA2_Stream2_IRQHandler
                0x080019b4                SPI1_IRQHandler
                0x080019b4                OCTOSPI1_IRQHandler
                0x080019b4                TIM6_DAC_IRQHandler
                0x080019b4                DMA2_Stream3_IRQHandler
                0x080019b4                OCTOSPI2_IRQHandler
                0x080019b4                DFSDM1_FLT3_IRQHandler
                0x080019b4                TIM23_IRQHandler
                0x080019b4                USART6_IRQHandler
                0x080019b4                TIM17_IRQHandler
                0x080019b4                USART3_IRQHandler
                0x080019b4                BDMA_Channel7_IRQHandler
                0x080019b4                LPTIM5_IRQHandler
                0x080019b4                UART5_IRQHandler
                0x080019b4                ADC3_IRQHandler
                0x080019b4                DMA2_Stream0_IRQHandler
                0x080019b4                TIM4_IRQHandler
                0x080019b4                BDMA_Channel2_IRQHandler
                0x080019b4                I2C1_EV_IRQHandler
                0x080019b4                DMA1_Stream6_IRQHandler
                0x080019b4                DMAMUX1_OVR_IRQHandler
                0x080019b4                DMA1_Stream1_IRQHandler
                0x080019b4                TIM16_IRQHandler
                0x080019b4                UART4_IRQHandler
                0x080019b4                BDMA_Channel5_IRQHandler
                0x080019b4                TIM3_IRQHandler
                0x080019b4                RCC_IRQHandler
                0x080019b4                UART9_IRQHandler
                0x080019b4                TIM8_BRK_TIM12_IRQHandler
                0x080019b4                TIM1_TRG_COM_IRQHandler
                0x080019b4                Default_Handler
                0x080019b4                ECC_IRQHandler
                0x080019b4                FMAC_IRQHandler
                0x080019b4                CEC_IRQHandler
                0x080019b4                EXTI15_10_IRQHandler
                0x080019b4                BDMA_Channel0_IRQHandler
                0x080019b4                ADC_IRQHandler
                0x080019b4                I2C5_ER_IRQHandler
                0x080019b4                DMA1_Stream7_IRQHandler
                0x080019b4                SPI5_IRQHandler
                0x080019b4                TIM7_IRQHandler
                0x080019b4                FDCAN3_IT1_IRQHandler
                0x080019b4                SDMMC1_IRQHandler
                0x080019b4                TIM5_IRQHandler
                0x080019b4                DMA2_Stream7_IRQHandler
                0x080019b4                TIM15_IRQHandler
                0x080019b4                PVD_AVD_IRQHandler
                0x080019b4                I2C3_EV_IRQHandler
                0x080019b4                RTC_WKUP_IRQHandler
                0x080019b4                LTDC_IRQHandler
                0x080019b4                ETH_WKUP_IRQHandler
                0x080019b4                SPDIF_RX_IRQHandler
                0x080019b4                SPI2_IRQHandler
                0x080019b4                OTG_HS_EP1_IN_IRQHandler
                0x080019b4                DMA1_Stream0_IRQHandler
                0x080019b4                TIM24_IRQHandler
                0x080019b4                CRS_IRQHandler
                0x080019b4                EXTI4_IRQHandler
                0x080019b4                RNG_IRQHandler
                0x080019b4                FDCAN2_IT1_IRQHandler
                0x080019b4                ETH_IRQHandler
                0x080019b4                TIM1_UP_IRQHandler
                0x080019b4                BDMA_Channel4_IRQHandler
                0x080019b4                OTG_HS_EP1_OUT_IRQHandler
                0x080019b4                WWDG_IRQHandler
                0x080019b4                SPI6_IRQHandler
                0x080019b4                MDIOS_IRQHandler
                0x080019b4                I2C4_EV_IRQHandler
                0x080019b4                FDCAN2_IT0_IRQHandler
                0x080019b4                LPUART1_IRQHandler
                0x080019b4                FDCAN1_IT0_IRQHandler
                0x080019b4                TIM2_IRQHandler
                0x080019b4                DMA2D_IRQHandler
                0x080019b4                TIM1_BRK_IRQHandler
                0x080019b4                EXTI1_IRQHandler
                0x080019b4                SDMMC2_IRQHandler
                0x080019b4                BDMA_Channel3_IRQHandler
                0x080019b4                DTS_IRQHandler
                0x080019b4                UART7_IRQHandler
                0x080019b4                MDIOS_WKUP_IRQHandler
                0x080019b4                USART2_IRQHandler
                0x080019b4                DFSDM1_FLT0_IRQHandler
                0x080019b4                SAI4_IRQHandler
                0x080019b4                I2C2_ER_IRQHandler
                0x080019b4                DMA2_Stream1_IRQHandler
                0x080019b4                FLASH_IRQHandler
                0x080019b4                DMA2_Stream4_IRQHandler
                0x080019b4                USART1_IRQHandler
                0x080019b4                SPI3_IRQHandler
                0x080019b4                WAKEUP_PIN_IRQHandler
                0x080019b4                DMA1_Stream4_IRQHandler
                0x080019b4                I2C1_ER_IRQHandler
                0x080019b4                FMC_IRQHandler
                0x080019b4                FDCAN_CAL_IRQHandler
                0x080019b4                SWPMI1_IRQHandler
                0x080019b4                COMP1_IRQHandler
                0x080019b4                LPTIM1_IRQHandler
                0x080019b4                DCMI_PSSI_IRQHandler
                0x080019b4                I2C4_ER_IRQHandler
                0x080019b4                DMA2_Stream6_IRQHandler
                0x080019b4                SAI1_IRQHandler
                0x080019b4                DMA1_Stream3_IRQHandler
 *fill*         0x080019b6        0x2 
 .text.HAL_Init
                0x080019b8       0x78 ./Drivers/STM32H7xx_HAL_Driver/Src/stm32h7xx_hal.o
                0x080019b8                HAL_Init
 .text.HAL_InitTick
                0x08001a30       0x6c ./Drivers/STM32H7xx_HAL_Driver/Src/stm32h7xx_hal.o
                0x08001a30                HAL_InitTick
 .text.HAL_IncTick
                0x08001a9c       0x28 ./Drivers/STM32H7xx_HAL_Driver/Src/stm32h7xx_hal.o
                0x08001a9c                HAL_IncTick
 .text.HAL_GetTick
                0x08001ac4       0x18 ./Drivers/STM32H7xx_HAL_Driver/Src/stm32h7xx_hal.o
                0x08001ac4                HAL_GetTick
 .text.HAL_Delay
                0x08001adc       0x48 ./Drivers/STM32H7xx_HAL_Driver/Src/stm32h7xx_hal.o
                0x08001adc                HAL_Delay
 .text.__NVIC_SetPriorityGrouping
                0x08001b24       0x48 ./Drivers/STM32H7xx_HAL_Driver/Src/stm32h7xx_hal_cortex.o
 .text.__NVIC_GetPriorityGrouping
                0x08001b6c       0x1c ./Drivers/STM32H7xx_HAL_Driver/Src/stm32h7xx_hal_cortex.o
 .text.__NVIC_EnableIRQ
                0x08001b88       0x3c ./Drivers/STM32H7xx_HAL_Driver/Src/stm32h7xx_hal_cortex.o
 .text.__NVIC_SetPriority
                0x08001bc4       0x54 ./Drivers/STM32H7xx_HAL_Driver/Src/stm32h7xx_hal_cortex.o
 .text.NVIC_EncodePriority
                0x08001c18       0x66 ./Drivers/STM32H7xx_HAL_Driver/Src/stm32h7xx_hal_cortex.o
 *fill*         0x08001c7e        0x2 
 .text.SysTick_Config
                0x08001c80       0x44 ./Drivers/STM32H7xx_HAL_Driver/Src/stm32h7xx_hal_cortex.o
 .text.HAL_NVIC_SetPriorityGrouping
                0x08001cc4       0x16 ./Drivers/STM32H7xx_HAL_Driver/Src/stm32h7xx_hal_cortex.o
                0x08001cc4                HAL_NVIC_SetPriorityGrouping
 .text.HAL_NVIC_SetPriority
                0x08001cda       0x34 ./Drivers/STM32H7xx_HAL_Driver/Src/stm32h7xx_hal_cortex.o
                0x08001cda                HAL_NVIC_SetPriority
 .text.HAL_NVIC_EnableIRQ
                0x08001d0e       0x1c ./Drivers/STM32H7xx_HAL_Driver/Src/stm32h7xx_hal_cortex.o
                0x08001d0e                HAL_NVIC_EnableIRQ
 .text.HAL_SYSTICK_Config
                0x08001d2a       0x18 ./Drivers/STM32H7xx_HAL_Driver/Src/stm32h7xx_hal_cortex.o
                0x08001d2a                HAL_SYSTICK_Config
 *fill*         0x08001d42        0x2 
 .text.HAL_MPU_Disable
                0x08001d44       0x30 ./Drivers/STM32H7xx_HAL_Driver/Src/stm32h7xx_hal_cortex.o
                0x08001d44                HAL_MPU_Disable
 .text.HAL_MPU_Enable
                0x08001d74       0x40 ./Drivers/STM32H7xx_HAL_Driver/Src/stm32h7xx_hal_cortex.o
                0x08001d74                HAL_MPU_Enable
 .text.HAL_MPU_ConfigRegion
                0x08001db4       0x80 ./Drivers/STM32H7xx_HAL_Driver/Src/stm32h7xx_hal_cortex.o
                0x08001db4                HAL_MPU_ConfigRegion
 .text.HAL_GPIO_Init
                0x08001e34      0x350 ./Drivers/STM32H7xx_HAL_Driver/Src/stm32h7xx_hal_gpio.o
                0x08001e34                HAL_GPIO_Init
 .text.HAL_GPIO_ReadPin
                0x08002184       0x30 ./Drivers/STM32H7xx_HAL_Driver/Src/stm32h7xx_hal_gpio.o
                0x08002184                HAL_GPIO_ReadPin
 .text.HAL_GPIO_WritePin
                0x080021b4       0x32 ./Drivers/STM32H7xx_HAL_Driver/Src/stm32h7xx_hal_gpio.o
                0x080021b4                HAL_GPIO_WritePin
 .text.HAL_GPIO_EXTI_IRQHandler
                0x080021e6       0x34 ./Drivers/STM32H7xx_HAL_Driver/Src/stm32h7xx_hal_gpio.o
                0x080021e6                HAL_GPIO_EXTI_IRQHandler
 .text.HAL_PCD_Init
                0x0800221a      0x218 ./Drivers/STM32H7xx_HAL_Driver/Src/stm32h7xx_hal_pcd.o
                0x0800221a                HAL_PCD_Init
 .text.HAL_PCD_Start
                0x08002432       0x6a ./Drivers/STM32H7xx_HAL_Driver/Src/stm32h7xx_hal_pcd.o
                0x08002432                HAL_PCD_Start
 .text.HAL_PCD_IRQHandler
                0x0800249c      0x99c ./Drivers/STM32H7xx_HAL_Driver/Src/stm32h7xx_hal_pcd.o
                0x0800249c                HAL_PCD_IRQHandler
 .text.HAL_PCD_SetAddress
                0x08002e38       0x48 ./Drivers/STM32H7xx_HAL_Driver/Src/stm32h7xx_hal_pcd.o
                0x08002e38                HAL_PCD_SetAddress
 .text.HAL_PCD_EP_Open
                0x08002e80       0xd4 ./Drivers/STM32H7xx_HAL_Driver/Src/stm32h7xx_hal_pcd.o
                0x08002e80                HAL_PCD_EP_Open
 .text.HAL_PCD_EP_Close
                0x08002f54       0x94 ./Drivers/STM32H7xx_HAL_Driver/Src/stm32h7xx_hal_pcd.o
                0x08002f54                HAL_PCD_EP_Close
 .text.HAL_PCD_EP_Receive
                0x08002fe8       0x76 ./Drivers/STM32H7xx_HAL_Driver/Src/stm32h7xx_hal_pcd.o
                0x08002fe8                HAL_PCD_EP_Receive
 .text.HAL_PCD_EP_GetRxCount
                0x0800305e       0x30 ./Drivers/STM32H7xx_HAL_Driver/Src/stm32h7xx_hal_pcd.o
                0x0800305e                HAL_PCD_EP_GetRxCount
 .text.HAL_PCD_EP_Transmit
                0x0800308e       0x74 ./Drivers/STM32H7xx_HAL_Driver/Src/stm32h7xx_hal_pcd.o
                0x0800308e                HAL_PCD_EP_Transmit
 .text.HAL_PCD_EP_SetStall
                0x08003102       0xc6 ./Drivers/STM32H7xx_HAL_Driver/Src/stm32h7xx_hal_pcd.o
                0x08003102                HAL_PCD_EP_SetStall
 .text.HAL_PCD_EP_ClrStall
                0x080031c8       0xac ./Drivers/STM32H7xx_HAL_Driver/Src/stm32h7xx_hal_pcd.o
                0x080031c8                HAL_PCD_EP_ClrStall
 .text.HAL_PCD_EP_Abort
                0x08003274       0x62 ./Drivers/STM32H7xx_HAL_Driver/Src/stm32h7xx_hal_pcd.o
                0x08003274                HAL_PCD_EP_Abort
 .text.PCD_WriteEmptyTxFifo
                0x080032d6      0x118 ./Drivers/STM32H7xx_HAL_Driver/Src/stm32h7xx_hal_pcd.o
 *fill*         0x080033ee        0x2 
 .text.PCD_EP_OutXfrComplete_int
                0x080033f0      0x1d0 ./Drivers/STM32H7xx_HAL_Driver/Src/stm32h7xx_hal_pcd.o
 .text.PCD_EP_OutSetupPacket_int
                0x080035c0       0x8c ./Drivers/STM32H7xx_HAL_Driver/Src/stm32h7xx_hal_pcd.o
 .text.HAL_PCDEx_SetTxFiFo
                0x0800364c       0x8e ./Drivers/STM32H7xx_HAL_Driver/Src/stm32h7xx_hal_pcd_ex.o
                0x0800364c                HAL_PCDEx_SetTxFiFo
 .text.HAL_PCDEx_SetRxFiFo
                0x080036da       0x22 ./Drivers/STM32H7xx_HAL_Driver/Src/stm32h7xx_hal_pcd_ex.o
                0x080036da                HAL_PCDEx_SetRxFiFo
 .text.HAL_PCDEx_ActivateLPM
                0x080036fc       0x48 ./Drivers/STM32H7xx_HAL_Driver/Src/stm32h7xx_hal_pcd_ex.o
                0x080036fc                HAL_PCDEx_ActivateLPM
 .text.HAL_PCDEx_LPM_Callback
                0x08003744       0x18 ./Drivers/STM32H7xx_HAL_Driver/Src/stm32h7xx_hal_pcd_ex.o
                0x08003744                HAL_PCDEx_LPM_Callback
 .text.HAL_PWREx_ConfigSupply
                0x0800375c       0x74 ./Drivers/STM32H7xx_HAL_Driver/Src/stm32h7xx_hal_pwr_ex.o
                0x0800375c                HAL_PWREx_ConfigSupply
 .text.HAL_PWREx_EnableUSBVoltageDetector
                0x080037d0       0x20 ./Drivers/STM32H7xx_HAL_Driver/Src/stm32h7xx_hal_pwr_ex.o
                0x080037d0                HAL_PWREx_EnableUSBVoltageDetector
 .text.HAL_RCC_OscConfig
                0x080037f0      0x7b4 ./Drivers/STM32H7xx_HAL_Driver/Src/stm32h7xx_hal_rcc.o
                0x080037f0                HAL_RCC_OscConfig
 .text.HAL_RCC_ClockConfig
                0x08003fa4      0x36c ./Drivers/STM32H7xx_HAL_Driver/Src/stm32h7xx_hal_rcc.o
                0x08003fa4                HAL_RCC_ClockConfig
 .text.HAL_RCC_GetSysClockFreq
                0x08004310      0x2f4 ./Drivers/STM32H7xx_HAL_Driver/Src/stm32h7xx_hal_rcc.o
                0x08004310                HAL_RCC_GetSysClockFreq
 .text.HAL_RCC_GetHCLKFreq
                0x08004604       0x60 ./Drivers/STM32H7xx_HAL_Driver/Src/stm32h7xx_hal_rcc.o
                0x08004604                HAL_RCC_GetHCLKFreq
 .text.HAL_RCCEx_PeriphCLKConfig
                0x08004664     0x1340 ./Drivers/STM32H7xx_HAL_Driver/Src/stm32h7xx_hal_rcc_ex.o
                0x08004664                HAL_RCCEx_PeriphCLKConfig
 .text.RCCEx_PLL2_Config
                0x080059a4      0x164 ./Drivers/STM32H7xx_HAL_Driver/Src/stm32h7xx_hal_rcc_ex.o
 .text.RCCEx_PLL3_Config
                0x08005b08      0x164 ./Drivers/STM32H7xx_HAL_Driver/Src/stm32h7xx_hal_rcc_ex.o
 .text.HAL_SPI_Init
                0x08005c6c      0x248 ./Drivers/STM32H7xx_HAL_Driver/Src/stm32h7xx_hal_spi.o
                0x08005c6c                HAL_SPI_Init
 .text.HAL_SPI_TransmitReceive
                0x08005eb4      0x674 ./Drivers/STM32H7xx_HAL_Driver/Src/stm32h7xx_hal_spi.o
                0x08005eb4                HAL_SPI_TransmitReceive
 .text.SPI_CloseTransfer
                0x08006528      0x140 ./Drivers/STM32H7xx_HAL_Driver/Src/stm32h7xx_hal_spi.o
 .text.SPI_WaitOnFlagUntilTimeout
                0x08006668       0x5c ./Drivers/STM32H7xx_HAL_Driver/Src/stm32h7xx_hal_spi.o
 .text.SPI_GetPacketSize
                0x080066c4       0x36 ./Drivers/STM32H7xx_HAL_Driver/Src/stm32h7xx_hal_spi.o
 *fill*         0x080066fa        0x2 
 .text.USB_CoreInit
                0x080066fc       0xe4 ./Drivers/STM32H7xx_HAL_Driver/Src/stm32h7xx_ll_usb.o
                0x080066fc                USB_CoreInit
 .text.USB_SetTurnaroundTime
                0x080067e0      0x144 ./Drivers/STM32H7xx_HAL_Driver/Src/stm32h7xx_ll_usb.o
                0x080067e0                USB_SetTurnaroundTime
 .text.USB_EnableGlobalInt
                0x08006924       0x22 ./Drivers/STM32H7xx_HAL_Driver/Src/stm32h7xx_ll_usb.o
                0x08006924                USB_EnableGlobalInt
 .text.USB_DisableGlobalInt
                0x08006946       0x22 ./Drivers/STM32H7xx_HAL_Driver/Src/stm32h7xx_ll_usb.o
                0x08006946                USB_DisableGlobalInt
 .text.USB_SetCurrentMode
                0x08006968       0x98 ./Drivers/STM32H7xx_HAL_Driver/Src/stm32h7xx_ll_usb.o
                0x08006968                USB_SetCurrentMode
 .text.USB_DevInit
                0x08006a00      0x2bc ./Drivers/STM32H7xx_HAL_Driver/Src/stm32h7xx_ll_usb.o
                0x08006a00                USB_DevInit
 .text.USB_FlushTxFifo
                0x08006cbc       0x64 ./Drivers/STM32H7xx_HAL_Driver/Src/stm32h7xx_ll_usb.o
                0x08006cbc                USB_FlushTxFifo
 .text.USB_FlushRxFifo
                0x08006d20       0x5c ./Drivers/STM32H7xx_HAL_Driver/Src/stm32h7xx_ll_usb.o
                0x08006d20                USB_FlushRxFifo
 .text.USB_SetDevSpeed
                0x08006d7c       0x32 ./Drivers/STM32H7xx_HAL_Driver/Src/stm32h7xx_ll_usb.o
                0x08006d7c                USB_SetDevSpeed
 .text.USB_GetDevSpeed
                0x08006dae       0x4a ./Drivers/STM32H7xx_HAL_Driver/Src/stm32h7xx_ll_usb.o
                0x08006dae                USB_GetDevSpeed
 .text.USB_ActivateEndpoint
                0x08006df8      0x110 ./Drivers/STM32H7xx_HAL_Driver/Src/stm32h7xx_ll_usb.o
                0x08006df8                USB_ActivateEndpoint
 .text.USB_DeactivateEndpoint
                0x08006f08      0x1b8 ./Drivers/STM32H7xx_HAL_Driver/Src/stm32h7xx_ll_usb.o
                0x08006f08                USB_DeactivateEndpoint
 .text.USB_EPStartXfer
                0x080070c0      0x548 ./Drivers/STM32H7xx_HAL_Driver/Src/stm32h7xx_ll_usb.o
                0x080070c0                USB_EPStartXfer
 .text.USB_EPStopXfer
                0x08007608      0x154 ./Drivers/STM32H7xx_HAL_Driver/Src/stm32h7xx_ll_usb.o
                0x08007608                USB_EPStopXfer
 .text.USB_WritePacket
                0x0800775c       0x7c ./Drivers/STM32H7xx_HAL_Driver/Src/stm32h7xx_ll_usb.o
                0x0800775c                USB_WritePacket
 .text.USB_ReadPacket
                0x080077d8       0xb0 ./Drivers/STM32H7xx_HAL_Driver/Src/stm32h7xx_ll_usb.o
                0x080077d8                USB_ReadPacket
 .text.USB_EPSetStall
                0x08007888       0xdc ./Drivers/STM32H7xx_HAL_Driver/Src/stm32h7xx_ll_usb.o
                0x08007888                USB_EPSetStall
 .text.USB_EPClearStall
                0x08007964       0xcc ./Drivers/STM32H7xx_HAL_Driver/Src/stm32h7xx_ll_usb.o
                0x08007964                USB_EPClearStall
 .text.USB_SetDevAddress
                0x08007a30       0x4c ./Drivers/STM32H7xx_HAL_Driver/Src/stm32h7xx_ll_usb.o
                0x08007a30                USB_SetDevAddress
 .text.USB_DevConnect
                0x08007a7c       0x42 ./Drivers/STM32H7xx_HAL_Driver/Src/stm32h7xx_ll_usb.o
                0x08007a7c                USB_DevConnect
 .text.USB_DevDisconnect
                0x08007abe       0x42 ./Drivers/STM32H7xx_HAL_Driver/Src/stm32h7xx_ll_usb.o
                0x08007abe                USB_DevDisconnect
 .text.USB_ReadInterrupts
                0x08007b00       0x26 ./Drivers/STM32H7xx_HAL_Driver/Src/stm32h7xx_ll_usb.o
                0x08007b00                USB_ReadInterrupts
 .text.USB_ReadDevAllOutEpInterrupt
                0x08007b26       0x34 ./Drivers/STM32H7xx_HAL_Driver/Src/stm32h7xx_ll_usb.o
                0x08007b26                USB_ReadDevAllOutEpInterrupt
 .text.USB_ReadDevAllInEpInterrupt
                0x08007b5a       0x34 ./Drivers/STM32H7xx_HAL_Driver/Src/stm32h7xx_ll_usb.o
                0x08007b5a                USB_ReadDevAllInEpInterrupt
 .text.USB_ReadDevOutEPInterrupt
                0x08007b8e       0x3c ./Drivers/STM32H7xx_HAL_Driver/Src/stm32h7xx_ll_usb.o
                0x08007b8e                USB_ReadDevOutEPInterrupt
 .text.USB_ReadDevInEPInterrupt
                0x08007bca       0x5c ./Drivers/STM32H7xx_HAL_Driver/Src/stm32h7xx_ll_usb.o
                0x08007bca                USB_ReadDevInEPInterrupt
 .text.USB_GetMode
                0x08007c26       0x1c ./Drivers/STM32H7xx_HAL_Driver/Src/stm32h7xx_ll_usb.o
                0x08007c26                USB_GetMode
 *fill*         0x08007c42        0x2 
 .text.USB_ActivateSetup
                0x08007c44       0x48 ./Drivers/STM32H7xx_HAL_Driver/Src/stm32h7xx_ll_usb.o
                0x08007c44                USB_ActivateSetup
 .text.USB_EP0_OutStart
                0x08007c8c       0xbc ./Drivers/STM32H7xx_HAL_Driver/Src/stm32h7xx_ll_usb.o
                0x08007c8c                USB_EP0_OutStart
 .text.USB_CoreReset
                0x08007d48       0x62 ./Drivers/STM32H7xx_HAL_Driver/Src/stm32h7xx_ll_usb.o
 *fill*         0x08007daa        0x2 
 .text.USBD_CDC_Init
                0x08007dac      0x1f0 ./Middlewares/ST/STM32_USB_Device_Library/Class/CDC/Src/usbd_cdc.o
 .text.USBD_CDC_DeInit
                0x08007f9c      0x104 ./Middlewares/ST/STM32_USB_Device_Library/Class/CDC/Src/usbd_cdc.o
 .text.USBD_CDC_Setup
                0x080080a0      0x1b8 ./Middlewares/ST/STM32_USB_Device_Library/Class/CDC/Src/usbd_cdc.o
 .text.USBD_CDC_DataIn
                0x08008258       0xfe ./Middlewares/ST/STM32_USB_Device_Library/Class/CDC/Src/usbd_cdc.o
 .text.USBD_CDC_DataOut
                0x08008356       0x70 ./Middlewares/ST/STM32_USB_Device_Library/Class/CDC/Src/usbd_cdc.o
 .text.USBD_CDC_EP0_RxReady
                0x080083c6       0x74 ./Middlewares/ST/STM32_USB_Device_Library/Class/CDC/Src/usbd_cdc.o
 *fill*         0x0800843a        0x2 
 .text.USBD_CDC_GetFSCfgDesc
                0x0800843c       0x70 ./Middlewares/ST/STM32_USB_Device_Library/Class/CDC/Src/usbd_cdc.o
 .text.USBD_CDC_GetHSCfgDesc
                0x080084ac       0x70 ./Middlewares/ST/STM32_USB_Device_Library/Class/CDC/Src/usbd_cdc.o
 .text.USBD_CDC_GetOtherSpeedCfgDesc
                0x0800851c       0x70 ./Middlewares/ST/STM32_USB_Device_Library/Class/CDC/Src/usbd_cdc.o
 .text.USBD_CDC_GetDeviceQualifierDescriptor
                0x0800858c       0x20 ./Middlewares/ST/STM32_USB_Device_Library/Class/CDC/Src/usbd_cdc.o
                0x0800858c                USBD_CDC_GetDeviceQualifierDescriptor
 .text.USBD_CDC_RegisterInterface
                0x080085ac       0x34 ./Middlewares/ST/STM32_USB_Device_Library/Class/CDC/Src/usbd_cdc.o
                0x080085ac                USBD_CDC_RegisterInterface
 .text.USBD_CDC_SetTxBuffer
                0x080085e0       0x44 ./Middlewares/ST/STM32_USB_Device_Library/Class/CDC/Src/usbd_cdc.o
                0x080085e0                USBD_CDC_SetTxBuffer
 .text.USBD_CDC_SetRxBuffer
                0x08008624       0x3a ./Middlewares/ST/STM32_USB_Device_Library/Class/CDC/Src/usbd_cdc.o
                0x08008624                USBD_CDC_SetRxBuffer
 *fill*         0x0800865e        0x2 
 .text.USBD_CDC_ReceivePacket
                0x08008660       0x6c ./Middlewares/ST/STM32_USB_Device_Library/Class/CDC/Src/usbd_cdc.o
                0x08008660                USBD_CDC_ReceivePacket
 .text.USBD_Init
                0x080086cc       0x60 ./Middlewares/ST/STM32_USB_Device_Library/Core/Src/usbd_core.o
                0x080086cc                USBD_Init
 .text.USBD_RegisterClass
                0x0800872c       0x6c ./Middlewares/ST/STM32_USB_Device_Library/Core/Src/usbd_core.o
                0x0800872c                USBD_RegisterClass
 .text.USBD_Start
                0x08008798       0x18 ./Middlewares/ST/STM32_USB_Device_Library/Core/Src/usbd_core.o
                0x08008798                USBD_Start
 .text.USBD_RunTestMode
                0x080087b0       0x16 ./Middlewares/ST/STM32_USB_Device_Library/Core/Src/usbd_core.o
                0x080087b0                USBD_RunTestMode
 .text.USBD_SetClassConfig
                0x080087c6       0x38 ./Middlewares/ST/STM32_USB_Device_Library/Core/Src/usbd_core.o
                0x080087c6                USBD_SetClassConfig
 .text.USBD_ClrClassConfig
                0x080087fe       0x34 ./Middlewares/ST/STM32_USB_Device_Library/Core/Src/usbd_core.o
                0x080087fe                USBD_ClrClassConfig
 .text.USBD_LL_SetupStage
                0x08008832       0xaa ./Middlewares/ST/STM32_USB_Device_Library/Core/Src/usbd_core.o
                0x08008832                USBD_LL_SetupStage
 .text.USBD_LL_DataOutStage
                0x080088dc      0x166 ./Middlewares/ST/STM32_USB_Device_Library/Core/Src/usbd_core.o
                0x080088dc                USBD_LL_DataOutStage
 .text.USBD_LL_DataInStage
                0x08008a42      0x164 ./Middlewares/ST/STM32_USB_Device_Library/Core/Src/usbd_core.o
                0x08008a42                USBD_LL_DataInStage
 .text.USBD_LL_Reset
                0x08008ba6       0xa4 ./Middlewares/ST/STM32_USB_Device_Library/Core/Src/usbd_core.o
                0x08008ba6                USBD_LL_Reset
 .text.USBD_LL_SetSpeed
                0x08008c4a       0x20 ./Middlewares/ST/STM32_USB_Device_Library/Core/Src/usbd_core.o
                0x08008c4a                USBD_LL_SetSpeed
 .text.USBD_LL_Suspend
                0x08008c6a       0x38 ./Middlewares/ST/STM32_USB_Device_Library/Core/Src/usbd_core.o
                0x08008c6a                USBD_LL_Suspend
 .text.USBD_LL_Resume
                0x08008ca2       0x30 ./Middlewares/ST/STM32_USB_Device_Library/Core/Src/usbd_core.o
                0x08008ca2                USBD_LL_Resume
 .text.USBD_LL_SOF
                0x08008cd2       0x40 ./Middlewares/ST/STM32_USB_Device_Library/Core/Src/usbd_core.o
                0x08008cd2                USBD_LL_SOF
 .text.USBD_LL_IsoINIncomplete
                0x08008d12       0x64 ./Middlewares/ST/STM32_USB_Device_Library/Core/Src/usbd_core.o
                0x08008d12                USBD_LL_IsoINIncomplete
 .text.USBD_LL_IsoOUTIncomplete
                0x08008d76       0x64 ./Middlewares/ST/STM32_USB_Device_Library/Core/Src/usbd_core.o
                0x08008d76                USBD_LL_IsoOUTIncomplete
 .text.USBD_LL_DevConnected
                0x08008dda       0x16 ./Middlewares/ST/STM32_USB_Device_Library/Core/Src/usbd_core.o
                0x08008dda                USBD_LL_DevConnected
 .text.USBD_LL_DevDisconnected
                0x08008df0       0x46 ./Middlewares/ST/STM32_USB_Device_Library/Core/Src/usbd_core.o
                0x08008df0                USBD_LL_DevDisconnected
 .text.USBD_CoreFindIF
                0x08008e36       0x1a ./Middlewares/ST/STM32_USB_Device_Library/Core/Src/usbd_core.o
                0x08008e36                USBD_CoreFindIF
 .text.USBD_CoreFindEP
                0x08008e50       0x1a ./Middlewares/ST/STM32_USB_Device_Library/Core/Src/usbd_core.o
                0x08008e50                USBD_CoreFindEP
 .text.USBD_GetEpDesc
                0x08008e6a       0x70 ./Middlewares/ST/STM32_USB_Device_Library/Core/Src/usbd_core.o
                0x08008e6a                USBD_GetEpDesc
 .text.USBD_GetNextDesc
                0x08008eda       0x38 ./Middlewares/ST/STM32_USB_Device_Library/Core/Src/usbd_core.o
                0x08008eda                USBD_GetNextDesc
 .text.SWAPBYTE
                0x08008f12       0x3e ./Middlewares/ST/STM32_USB_Device_Library/Core/Src/usbd_ctlreq.o
 .text.USBD_StdDevReq
                0x08008f50       0xe4 ./Middlewares/ST/STM32_USB_Device_Library/Core/Src/usbd_ctlreq.o
                0x08008f50                USBD_StdDevReq
 .text.USBD_StdItfReq
                0x08009034       0xd8 ./Middlewares/ST/STM32_USB_Device_Library/Core/Src/usbd_ctlreq.o
                0x08009034                USBD_StdItfReq
 .text.USBD_StdEPReq
                0x0800910c      0x33a ./Middlewares/ST/STM32_USB_Device_Library/Core/Src/usbd_ctlreq.o
                0x0800910c                USBD_StdEPReq
 *fill*         0x08009446        0x2 
 .text.USBD_GetDescriptor
                0x08009448      0x328 ./Middlewares/ST/STM32_USB_Device_Library/Core/Src/usbd_ctlreq.o
 .text.USBD_SetAddress
                0x08009770       0x88 ./Middlewares/ST/STM32_USB_Device_Library/Core/Src/usbd_ctlreq.o
 .text.USBD_SetConfig
                0x080097f8      0x154 ./Middlewares/ST/STM32_USB_Device_Library/Core/Src/usbd_ctlreq.o
 .text.USBD_GetConfig
                0x0800994c       0x6c ./Middlewares/ST/STM32_USB_Device_Library/Core/Src/usbd_ctlreq.o
 .text.USBD_GetStatus
                0x080099b8       0x68 ./Middlewares/ST/STM32_USB_Device_Library/Core/Src/usbd_ctlreq.o
 .text.USBD_SetFeature
                0x08009a20       0x52 ./Middlewares/ST/STM32_USB_Device_Library/Core/Src/usbd_ctlreq.o
 .text.USBD_ClrFeature
                0x08009a72       0x44 ./Middlewares/ST/STM32_USB_Device_Library/Core/Src/usbd_ctlreq.o
 .text.USBD_ParseSetupRequest
                0x08009ab6       0x74 ./Middlewares/ST/STM32_USB_Device_Library/Core/Src/usbd_ctlreq.o
                0x08009ab6                USBD_ParseSetupRequest
 .text.USBD_CtlError
                0x08009b2a       0x22 ./Middlewares/ST/STM32_USB_Device_Library/Core/Src/usbd_ctlreq.o
                0x08009b2a                USBD_CtlError
 .text.USBD_GetString
                0x08009b4c       0xa4 ./Middlewares/ST/STM32_USB_Device_Library/Core/Src/usbd_ctlreq.o
                0x08009b4c                USBD_GetString
 .text.USBD_GetLen
                0x08009bf0       0x34 ./Middlewares/ST/STM32_USB_Device_Library/Core/Src/usbd_ctlreq.o
 .text.USBD_CtlSendData
                0x08009c24       0x36 ./Middlewares/ST/STM32_USB_Device_Library/Core/Src/usbd_ioreq.o
                0x08009c24                USBD_CtlSendData
 .text.USBD_CtlContinueSendData
                0x08009c5a       0x22 ./Middlewares/ST/STM32_USB_Device_Library/Core/Src/usbd_ioreq.o
                0x08009c5a                USBD_CtlContinueSendData
 .text.USBD_CtlPrepareRx
                0x08009c7c       0x3a ./Middlewares/ST/STM32_USB_Device_Library/Core/Src/usbd_ioreq.o
                0x08009c7c                USBD_CtlPrepareRx
 .text.USBD_CtlContinueRx
                0x08009cb6       0x22 ./Middlewares/ST/STM32_USB_Device_Library/Core/Src/usbd_ioreq.o
                0x08009cb6                USBD_CtlContinueRx
 .text.USBD_CtlSendStatus
                0x08009cd8       0x26 ./Middlewares/ST/STM32_USB_Device_Library/Core/Src/usbd_ioreq.o
                0x08009cd8                USBD_CtlSendStatus
 .text.USBD_CtlReceiveStatus
                0x08009cfe       0x26 ./Middlewares/ST/STM32_USB_Device_Library/Core/Src/usbd_ioreq.o
                0x08009cfe                USBD_CtlReceiveStatus
 .text.MX_USB_DEVICE_Init
                0x08009d24       0x64 ./USB_DEVICE/App/usb_device.o
                0x08009d24                MX_USB_DEVICE_Init
 .text.CDC_Init_HS
                0x08009d88       0x28 ./USB_DEVICE/App/usbd_cdc_if.o
 .text.CDC_DeInit_HS
                0x08009db0       0x10 ./USB_DEVICE/App/usbd_cdc_if.o
 .text.CDC_Control_HS
                0x08009dc0       0xbc ./USB_DEVICE/App/usbd_cdc_if.o
 .text.CDC_Receive_HS
                0x08009e7c       0x28 ./USB_DEVICE/App/usbd_cdc_if.o
 .text.CDC_TransmitCplt_HS
                0x08009ea4       0x22 ./USB_DEVICE/App/usbd_cdc_if.o
 *fill*         0x08009ec6        0x2 
 .text.USBD_HS_DeviceDescriptor
                0x08009ec8       0x24 ./USB_DEVICE/App/usbd_desc.o
                0x08009ec8                USBD_HS_DeviceDescriptor
 .text.USBD_HS_LangIDStrDescriptor
                0x08009eec       0x24 ./USB_DEVICE/App/usbd_desc.o
                0x08009eec                USBD_HS_LangIDStrDescriptor
 .text.USBD_HS_ProductStrDescriptor
                0x08009f10       0x3c ./USB_DEVICE/App/usbd_desc.o
                0x08009f10                USBD_HS_ProductStrDescriptor
 .text.USBD_HS_ManufacturerStrDescriptor
                0x08009f4c       0x28 ./USB_DEVICE/App/usbd_desc.o
                0x08009f4c                USBD_HS_ManufacturerStrDescriptor
 .text.USBD_HS_SerialStrDescriptor
                0x08009f74       0x24 ./USB_DEVICE/App/usbd_desc.o
                0x08009f74                USBD_HS_SerialStrDescriptor
 .text.USBD_HS_ConfigStrDescriptor
                0x08009f98       0x3c ./USB_DEVICE/App/usbd_desc.o
                0x08009f98                USBD_HS_ConfigStrDescriptor
 .text.USBD_HS_InterfaceStrDescriptor
                0x08009fd4       0x3c ./USB_DEVICE/App/usbd_desc.o
                0x08009fd4                USBD_HS_InterfaceStrDescriptor
 .text.Get_SerialNum
                0x0800a010       0x58 ./USB_DEVICE/App/usbd_desc.o
 .text.IntToUnicode
                0x0800a068       0x7e ./USB_DEVICE/App/usbd_desc.o
 *fill*         0x0800a0e6        0x2 
 .text.HAL_PCD_MspInit
                0x0800a0e8       0x8c ./USB_DEVICE/Target/usbd_conf.o
                0x0800a0e8                HAL_PCD_MspInit
 .text.HAL_PCD_SetupStageCallback
                0x0800a174       0x24 ./USB_DEVICE/Target/usbd_conf.o
                0x0800a174                HAL_PCD_SetupStageCallback
 .text.HAL_PCD_DataOutStageCallback
                0x0800a198       0x36 ./USB_DEVICE/Target/usbd_conf.o
                0x0800a198                HAL_PCD_DataOutStageCallback
 .text.HAL_PCD_DataInStageCallback
                0x0800a1ce       0x34 ./USB_DEVICE/Target/usbd_conf.o
                0x0800a1ce                HAL_PCD_DataInStageCallback
 .text.HAL_PCD_SOFCallback
                0x0800a202       0x1c ./USB_DEVICE/Target/usbd_conf.o
                0x0800a202                HAL_PCD_SOFCallback
 .text.HAL_PCD_ResetCallback
                0x0800a21e       0x50 ./USB_DEVICE/Target/usbd_conf.o
                0x0800a21e                HAL_PCD_ResetCallback
 *fill*         0x0800a26e        0x2 
 .text.HAL_PCD_SuspendCallback
                0x0800a270       0x4c ./USB_DEVICE/Target/usbd_conf.o
                0x0800a270                HAL_PCD_SuspendCallback
 .text.HAL_PCD_ResumeCallback
                0x0800a2bc       0x1c ./USB_DEVICE/Target/usbd_conf.o
                0x0800a2bc                HAL_PCD_ResumeCallback
 .text.HAL_PCD_ISOOUTIncompleteCallback
                0x0800a2d8       0x24 ./USB_DEVICE/Target/usbd_conf.o
                0x0800a2d8                HAL_PCD_ISOOUTIncompleteCallback
 .text.HAL_PCD_ISOINIncompleteCallback
                0x0800a2fc       0x24 ./USB_DEVICE/Target/usbd_conf.o
                0x0800a2fc                HAL_PCD_ISOINIncompleteCallback
 .text.HAL_PCD_ConnectCallback
                0x0800a320       0x1c ./USB_DEVICE/Target/usbd_conf.o
                0x0800a320                HAL_PCD_ConnectCallback
 .text.HAL_PCD_DisconnectCallback
                0x0800a33c       0x1c ./USB_DEVICE/Target/usbd_conf.o
                0x0800a33c                HAL_PCD_DisconnectCallback
 .text.USBD_LL_Init
                0x0800a358       0xa4 ./USB_DEVICE/Target/usbd_conf.o
                0x0800a358                USBD_LL_Init
 .text.USBD_LL_Start
                0x0800a3fc       0x36 ./USB_DEVICE/Target/usbd_conf.o
                0x0800a3fc                USBD_LL_Start
 .text.USBD_LL_OpenEP
                0x0800a432       0x4c ./USB_DEVICE/Target/usbd_conf.o
                0x0800a432                USBD_LL_OpenEP
 .text.USBD_LL_CloseEP
                0x0800a47e       0x3e ./USB_DEVICE/Target/usbd_conf.o
                0x0800a47e                USBD_LL_CloseEP
 .text.USBD_LL_StallEP
                0x0800a4bc       0x3e ./USB_DEVICE/Target/usbd_conf.o
                0x0800a4bc                USBD_LL_StallEP
 .text.USBD_LL_ClearStallEP
                0x0800a4fa       0x3e ./USB_DEVICE/Target/usbd_conf.o
                0x0800a4fa                USBD_LL_ClearStallEP
 .text.USBD_LL_IsStallEP
                0x0800a538       0x58 ./USB_DEVICE/Target/usbd_conf.o
                0x0800a538                USBD_LL_IsStallEP
 .text.USBD_LL_SetUSBAddress
                0x0800a590       0x3e ./USB_DEVICE/Target/usbd_conf.o
                0x0800a590                USBD_LL_SetUSBAddress
 .text.USBD_LL_Transmit
                0x0800a5ce       0x42 ./USB_DEVICE/Target/usbd_conf.o
                0x0800a5ce                USBD_LL_Transmit
 .text.USBD_LL_PrepareReceive
                0x0800a610       0x42 ./USB_DEVICE/Target/usbd_conf.o
                0x0800a610                USBD_LL_PrepareReceive
 .text.USBD_LL_GetRxDataSize
                0x0800a652       0x26 ./USB_DEVICE/Target/usbd_conf.o
                0x0800a652                USBD_LL_GetRxDataSize
 .text.USBD_static_malloc
                0x0800a678       0x1c ./USB_DEVICE/Target/usbd_conf.o
                0x0800a678                USBD_static_malloc
 .text.USBD_static_free
                0x0800a694       0x14 ./USB_DEVICE/Target/usbd_conf.o
                0x0800a694                USBD_static_free
 .text.USBD_Get_USB_Status
                0x0800a6a8       0x58 ./USB_DEVICE/Target/usbd_conf.o
                0x0800a6a8                USBD_Get_USB_Status
 .text.memset   0x0800a700       0x10 C:/ST/STM32CubeIDE_1.17.0/STM32CubeIDE/plugins/com.st.stm32cube.ide.mcu.externaltools.gnu-tools-for-stm32.13.3.rel1.win32_1.0.0.202411081344/tools/bin/../lib/gcc/arm-none-eabi/13.3.1/../../../../arm-none-eabi/lib/thumb/v7e-m+dp/hard\libc_nano.a(libc_a-memset.o)
                0x0800a700                memset
 .text.__libc_init_array
                0x0800a710       0x48 C:/ST/STM32CubeIDE_1.17.0/STM32CubeIDE/plugins/com.st.stm32cube.ide.mcu.externaltools.gnu-tools-for-stm32.13.3.rel1.win32_1.0.0.202411081344/tools/bin/../lib/gcc/arm-none-eabi/13.3.1/../../../../arm-none-eabi/lib/thumb/v7e-m+dp/hard\libc_nano.a(libc_a-init.o)
                0x0800a710                __libc_init_array
 .text.memcpy   0x0800a758       0x1c C:/ST/STM32CubeIDE_1.17.0/STM32CubeIDE/plugins/com.st.stm32cube.ide.mcu.externaltools.gnu-tools-for-stm32.13.3.rel1.win32_1.0.0.202411081344/tools/bin/../lib/gcc/arm-none-eabi/13.3.1/../../../../arm-none-eabi/lib/thumb/v7e-m+dp/hard\libc_nano.a(libc_a-memcpy-stub.o)
                0x0800a758                memcpy
 *(.glue_7)
 .glue_7        0x0800a774        0x0 linker stubs
 *(.glue_7t)
 .glue_7t       0x0800a774        0x0 linker stubs
 *(.eh_frame)
 .eh_frame      0x0800a774        0x0 C:/ST/STM32CubeIDE_1.17.0/STM32CubeIDE/plugins/com.st.stm32cube.ide.mcu.externaltools.gnu-tools-for-stm32.13.3.rel1.win32_1.0.0.202411081344/tools/bin/../lib/gcc/arm-none-eabi/13.3.1/thumb/v7e-m+dp/hard/crtbegin.o
 *(.init)
 .init          0x0800a774        0x4 C:/ST/STM32CubeIDE_1.17.0/STM32CubeIDE/plugins/com.st.stm32cube.ide.mcu.externaltools.gnu-tools-for-stm32.13.3.rel1.win32_1.0.0.202411081344/tools/bin/../lib/gcc/arm-none-eabi/13.3.1/thumb/v7e-m+dp/hard/crti.o
                0x0800a774                _init
 .init          0x0800a778        0x8 C:/ST/STM32CubeIDE_1.17.0/STM32CubeIDE/plugins/com.st.stm32cube.ide.mcu.externaltools.gnu-tools-for-stm32.13.3.rel1.win32_1.0.0.202411081344/tools/bin/../lib/gcc/arm-none-eabi/13.3.1/thumb/v7e-m+dp/hard/crtn.o
 *(.fini)
 .fini          0x0800a780        0x4 C:/ST/STM32CubeIDE_1.17.0/STM32CubeIDE/plugins/com.st.stm32cube.ide.mcu.externaltools.gnu-tools-for-stm32.13.3.rel1.win32_1.0.0.202411081344/tools/bin/../lib/gcc/arm-none-eabi/13.3.1/thumb/v7e-m+dp/hard/crti.o
                0x0800a780                _fini
 .fini          0x0800a784        0x8 C:/ST/STM32CubeIDE_1.17.0/STM32CubeIDE/plugins/com.st.stm32cube.ide.mcu.externaltools.gnu-tools-for-stm32.13.3.rel1.win32_1.0.0.202411081344/tools/bin/../lib/gcc/arm-none-eabi/13.3.1/thumb/v7e-m+dp/hard/crtn.o
                0x0800a78c                        . = ALIGN (0x4)
                0x0800a78c                        _etext = .

.vfp11_veneer   0x0800a78c        0x0
 .vfp11_veneer  0x0800a78c        0x0 linker stubs

.v4_bx          0x0800a78c        0x0
 .v4_bx         0x0800a78c        0x0 linker stubs

.iplt           0x0800a78c        0x0
 .iplt          0x0800a78c        0x0 C:/ST/STM32CubeIDE_1.17.0/STM32CubeIDE/plugins/com.st.stm32cube.ide.mcu.externaltools.gnu-tools-for-stm32.13.3.rel1.win32_1.0.0.202411081344/tools/bin/../lib/gcc/arm-none-eabi/13.3.1/thumb/v7e-m+dp/hard/crtbegin.o

.rodata         0x0800a78c       0x64
                0x0800a78c                        . = ALIGN (0x4)
 *(.rodata)
 .rodata        0x0800a78c        0xa ./Core/Src/main.o
 *fill*         0x0800a796        0x2 
 .rodata        0x0800a798       0x46 ./USB_DEVICE/App/usbd_desc.o
 *(.rodata*)
 *fill*         0x0800a7de        0x2 
 .rodata.D1CorePrescTable
                0x0800a7e0       0x10 ./Core/Src/system_stm32h7xx.o
                0x0800a7e0                D1CorePrescTable
                0x0800a7f0                        . = ALIGN (0x4)

.ARM.extab
 *(.ARM.extab* .gnu.linkonce.armextab.*)

.ARM            0x0800a7f0        0x0
                0x0800a7f0                        __exidx_start = .
 *(.ARM.exidx*)
                0x0800a7f0                        __exidx_end = .

.preinit_array  0x0800a7f0        0x0
                0x0800a7f0                        PROVIDE (__preinit_array_start = .)
 *(.preinit_array*)
                0x0800a7f0                        PROVIDE (__preinit_array_end = .)

.init_array     0x0800a7f0        0x4
                0x0800a7f0                        PROVIDE (__init_array_start = .)
 *(SORT_BY_NAME(.init_array.*))
 *(.init_array*)
 .init_array    0x0800a7f0        0x4 C:/ST/STM32CubeIDE_1.17.0/STM32CubeIDE/plugins/com.st.stm32cube.ide.mcu.externaltools.gnu-tools-for-stm32.13.3.rel1.win32_1.0.0.202411081344/tools/bin/../lib/gcc/arm-none-eabi/13.3.1/thumb/v7e-m+dp/hard/crtbegin.o
                0x0800a7f4                        PROVIDE (__init_array_end = .)

.fini_array     0x0800a7f4        0x4
                [!provide]                        PROVIDE (__fini_array_start = .)
 *(SORT_BY_NAME(.fini_array.*))
 *(.fini_array*)
 .fini_array    0x0800a7f4        0x4 C:/ST/STM32CubeIDE_1.17.0/STM32CubeIDE/plugins/com.st.stm32cube.ide.mcu.externaltools.gnu-tools-for-stm32.13.3.rel1.win32_1.0.0.202411081344/tools/bin/../lib/gcc/arm-none-eabi/13.3.1/thumb/v7e-m+dp/hard/crtbegin.o
                [!provide]                        PROVIDE (__fini_array_end = .)
                0x0800a7f8                        _sidata = LOADADDR (.data)

.rel.dyn        0x0800a7f8        0x0
 .rel.iplt      0x0800a7f8        0x0 C:/ST/STM32CubeIDE_1.17.0/STM32CubeIDE/plugins/com.st.stm32cube.ide.mcu.externaltools.gnu-tools-for-stm32.13.3.rel1.win32_1.0.0.202411081344/tools/bin/../lib/gcc/arm-none-eabi/13.3.1/thumb/v7e-m+dp/hard/crtbegin.o

.data           0x24000000      0x104 load address 0x0800a7f8
                0x24000000                        . = ALIGN (0x4)
                0x24000000                        _sdata = .
 *(.data)
 *(.data*)
 .data.SystemCoreClock
                0x24000000        0x4 ./Core/Src/system_stm32h7xx.o
                0x24000000                SystemCoreClock
 .data.SystemD2Clock
                0x24000004        0x4 ./Core/Src/system_stm32h7xx.o
                0x24000004                SystemD2Clock
 .data.uwTickPrio
                0x24000008        0x4 ./Drivers/STM32H7xx_HAL_Driver/Src/stm32h7xx_hal.o
                0x24000008                uwTickPrio
 .data.uwTickFreq
                0x2400000c        0x1 ./Drivers/STM32H7xx_HAL_Driver/Src/stm32h7xx_hal.o
                0x2400000c                uwTickFreq
 *fill*         0x2400000d        0x3 
 .data.USBD_CDC_DeviceQualifierDesc
                0x24000010        0xa ./Middlewares/ST/STM32_USB_Device_Library/Class/CDC/Src/usbd_cdc.o
 *fill*         0x2400001a        0x2 
 .data.USBD_CDC
                0x2400001c       0x38 ./Middlewares/ST/STM32_USB_Device_Library/Class/CDC/Src/usbd_cdc.o
                0x2400001c                USBD_CDC
 .data.USBD_CDC_CfgDesc
                0x24000054       0x43 ./Middlewares/ST/STM32_USB_Device_Library/Class/CDC/Src/usbd_cdc.o
 .data.CDCInEpAdd
                0x24000097        0x1 ./Middlewares/ST/STM32_USB_Device_Library/Class/CDC/Src/usbd_cdc.o
 .data.CDCOutEpAdd
                0x24000098        0x1 ./Middlewares/ST/STM32_USB_Device_Library/Class/CDC/Src/usbd_cdc.o
 .data.CDCCmdEpAdd
                0x24000099        0x1 ./Middlewares/ST/STM32_USB_Device_Library/Class/CDC/Src/usbd_cdc.o
 *fill*         0x2400009a        0x2 
 .data.USBD_Interface_fops_HS
                0x2400009c       0x14 ./USB_DEVICE/App/usbd_cdc_if.o
                0x2400009c                USBD_Interface_fops_HS
 .data.HS_Desc  0x240000b0       0x20 ./USB_DEVICE/App/usbd_desc.o
                0x240000b0                HS_Desc
 .data.USBD_HS_DeviceDesc
                0x240000d0       0x12 ./USB_DEVICE/App/usbd_desc.o
                0x240000d0                USBD_HS_DeviceDesc
 *fill*         0x240000e2        0x2 
 .data.USBD_LangIDDesc
                0x240000e4        0x4 ./USB_DEVICE/App/usbd_desc.o
                0x240000e4                USBD_LangIDDesc
 .data.USBD_StringSerial
                0x240000e8       0x1a ./USB_DEVICE/App/usbd_desc.o
                0x240000e8                USBD_StringSerial
 *(.RamFunc)
 *(.RamFunc*)
                0x24000104                        . = ALIGN (0x4)
 *fill*         0x24000102        0x2 
                0x24000104                        _edata = .

.igot.plt       0x24000104        0x0 load address 0x0800a8fc
 .igot.plt      0x24000104        0x0 C:/ST/STM32CubeIDE_1.17.0/STM32CubeIDE/plugins/com.st.stm32cube.ide.mcu.externaltools.gnu-tools-for-stm32.13.3.rel1.win32_1.0.0.202411081344/tools/bin/../lib/gcc/arm-none-eabi/13.3.1/thumb/v7e-m+dp/hard/crtbegin.o
                0x24000104                        . = ALIGN (0x4)

.bss            0x24000104     0x1c90 load address 0x0800a8fc
                0x24000104                        _sbss = .
                0x24000104                        __bss_start__ = _sbss
 *(.bss)
 .bss           0x24000104       0x1c C:/ST/STM32CubeIDE_1.17.0/STM32CubeIDE/plugins/com.st.stm32cube.ide.mcu.externaltools.gnu-tools-for-stm32.13.3.rel1.win32_1.0.0.202411081344/tools/bin/../lib/gcc/arm-none-eabi/13.3.1/thumb/v7e-m+dp/hard/crtbegin.o
 *(.bss*)
 .bss.hspi4     0x24000120       0x88 ./Core/Src/main.o
                0x24000120                hspi4
 .bss.Rec_int_flg
                0x240001a8        0x1 ./Core/Src/main.o
                0x240001a8                Rec_int_flg
 *fill*         0x240001a9        0x3 
 .bss.uwTick    0x240001ac        0x4 ./Drivers/STM32H7xx_HAL_Driver/Src/stm32h7xx_hal.o
                0x240001ac                uwTick
 .bss.cfgidx.0  0x240001b0        0x1 ./Middlewares/ST/STM32_USB_Device_Library/Core/Src/usbd_ctlreq.o
 *fill*         0x240001b1        0x3 
 .bss.hUsbDeviceHS
                0x240001b4      0x2dc ./USB_DEVICE/App/usb_device.o
                0x240001b4                hUsbDeviceHS
 .bss.UserRxBufferHS
                0x24000490      0x800 ./USB_DEVICE/App/usbd_cdc_if.o
                0x24000490                UserRxBufferHS
 .bss.UserTxBufferHS
                0x24000c90      0x800 ./USB_DEVICE/App/usbd_cdc_if.o
                0x24000c90                UserTxBufferHS
 .bss.USBD_StrDesc
                0x24001490      0x200 ./USB_DEVICE/App/usbd_desc.o
                0x24001490                USBD_StrDesc
 .bss.hpcd_USB_OTG_HS
                0x24001690      0x4e4 ./USB_DEVICE/Target/usbd_conf.o
                0x24001690                hpcd_USB_OTG_HS
 .bss.mem.0     0x24001b74      0x220 ./USB_DEVICE/Target/usbd_conf.o
 *(COMMON)
                0x24001d94                        . = ALIGN (0x4)
                0x24001d94                        _ebss = .
                0x24001d94                        __bss_end__ = _ebss

._user_heap_stack
                0x24001d94      0x604 load address 0x0800a8fc
                0x24001d98                        . = ALIGN (0x8)
 *fill*         0x24001d94        0x4 
                [!provide]                        PROVIDE (end = .)
                0x24001d98                        PROVIDE (_end = .)
                0x24001f98                        . = (. + _Min_Heap_Size)
 *fill*         0x24001d98      0x200 
                0x24002398                        . = (. + _Min_Stack_Size)
 *fill*         0x24001f98      0x400 
                0x24002398                        . = ALIGN (0x8)

/DISCARD/
 libc.a(*)
 libm.a(*)
 libgcc.a(*)

.ARM.attributes
                0x00000000       0x2e
 *(.ARM.attributes)
 .ARM.attributes
                0x00000000       0x20 C:/ST/STM32CubeIDE_1.17.0/STM32CubeIDE/plugins/com.st.stm32cube.ide.mcu.externaltools.gnu-tools-for-stm32.13.3.rel1.win32_1.0.0.202411081344/tools/bin/../lib/gcc/arm-none-eabi/13.3.1/thumb/v7e-m+dp/hard/crti.o
 .ARM.attributes
                0x00000020       0x32 C:/ST/STM32CubeIDE_1.17.0/STM32CubeIDE/plugins/com.st.stm32cube.ide.mcu.externaltools.gnu-tools-for-stm32.13.3.rel1.win32_1.0.0.202411081344/tools/bin/../lib/gcc/arm-none-eabi/13.3.1/thumb/v7e-m+dp/hard/crtbegin.o
 .ARM.attributes
                0x00000052       0x32 ./Core/Libs/dev_sx1262/sx1262.o
 .ARM.attributes
                0x00000084       0x32 ./Core/Libs/dev_sx1262/sx1262_hal.o
 .ARM.attributes
                0x000000b6       0x32 ./Core/Src/main.o
 .ARM.attributes
                0x000000e8       0x32 ./Core/Src/stm32h7xx_hal_msp.o
 .ARM.attributes
                0x0000011a       0x32 ./Core/Src/stm32h7xx_it.o
 .ARM.attributes
                0x0000014c       0x32 ./Core/Src/system_stm32h7xx.o
 .ARM.attributes
                0x0000017e       0x21 ./Core/Startup/startup_stm32h723zgtx.o
 .ARM.attributes
                0x0000019f       0x32 ./Drivers/STM32H7xx_HAL_Driver/Src/stm32h7xx_hal.o
 .ARM.attributes
                0x000001d1       0x32 ./Drivers/STM32H7xx_HAL_Driver/Src/stm32h7xx_hal_cortex.o
 .ARM.attributes
                0x00000203       0x32 ./Drivers/STM32H7xx_HAL_Driver/Src/stm32h7xx_hal_gpio.o
 .ARM.attributes
                0x00000235       0x32 ./Drivers/STM32H7xx_HAL_Driver/Src/stm32h7xx_hal_pcd.o
 .ARM.attributes
                0x00000267       0x32 ./Drivers/STM32H7xx_HAL_Driver/Src/stm32h7xx_hal_pcd_ex.o
 .ARM.attributes
                0x00000299       0x32 ./Drivers/STM32H7xx_HAL_Driver/Src/stm32h7xx_hal_pwr_ex.o
 .ARM.attributes
                0x000002cb       0x32 ./Drivers/STM32H7xx_HAL_Driver/Src/stm32h7xx_hal_rcc.o
 .ARM.attributes
                0x000002fd       0x32 ./Drivers/STM32H7xx_HAL_Driver/Src/stm32h7xx_hal_rcc_ex.o
 .ARM.attributes
                0x0000032f       0x32 ./Drivers/STM32H7xx_HAL_Driver/Src/stm32h7xx_hal_spi.o
 .ARM.attributes
                0x00000361       0x32 ./Drivers/STM32H7xx_HAL_Driver/Src/stm32h7xx_ll_usb.o
 .ARM.attributes
                0x00000393       0x32 ./Middlewares/ST/STM32_USB_Device_Library/Class/CDC/Src/usbd_cdc.o
 .ARM.attributes
                0x000003c5       0x32 ./Middlewares/ST/STM32_USB_Device_Library/Core/Src/usbd_core.o
 .ARM.attributes
                0x000003f7       0x32 ./Middlewares/ST/STM32_USB_Device_Library/Core/Src/usbd_ctlreq.o
 .ARM.attributes
                0x00000429       0x32 ./Middlewares/ST/STM32_USB_Device_Library/Core/Src/usbd_ioreq.o
 .ARM.attributes
                0x0000045b       0x32 ./USB_DEVICE/App/usb_device.o
 .ARM.attributes
                0x0000048d       0x32 ./USB_DEVICE/App/usbd_cdc_if.o
 .ARM.attributes
                0x000004bf       0x32 ./USB_DEVICE/App/usbd_desc.o
 .ARM.attributes
                0x000004f1       0x32 ./USB_DEVICE/Target/usbd_conf.o
 .ARM.attributes
                0x00000523       0x32 C:/ST/STM32CubeIDE_1.17.0/STM32CubeIDE/plugins/com.st.stm32cube.ide.mcu.externaltools.gnu-tools-for-stm32.13.3.rel1.win32_1.0.0.202411081344/tools/bin/../lib/gcc/arm-none-eabi/13.3.1/../../../../arm-none-eabi/lib/thumb/v7e-m+dp/hard\libc_nano.a(libc_a-memset.o)
 .ARM.attributes
                0x00000555       0x32 C:/ST/STM32CubeIDE_1.17.0/STM32CubeIDE/plugins/com.st.stm32cube.ide.mcu.externaltools.gnu-tools-for-stm32.13.3.rel1.win32_1.0.0.202411081344/tools/bin/../lib/gcc/arm-none-eabi/13.3.1/../../../../arm-none-eabi/lib/thumb/v7e-m+dp/hard\libc_nano.a(libc_a-init.o)
 .ARM.attributes
                0x00000587       0x32 C:/ST/STM32CubeIDE_1.17.0/STM32CubeIDE/plugins/com.st.stm32cube.ide.mcu.externaltools.gnu-tools-for-stm32.13.3.rel1.win32_1.0.0.202411081344/tools/bin/../lib/gcc/arm-none-eabi/13.3.1/../../../../arm-none-eabi/lib/thumb/v7e-m+dp/hard\libc_nano.a(libc_a-memcpy-stub.o)
 .ARM.attributes
                0x000005b9       0x20 C:/ST/STM32CubeIDE_1.17.0/STM32CubeIDE/plugins/com.st.stm32cube.ide.mcu.externaltools.gnu-tools-for-stm32.13.3.rel1.win32_1.0.0.202411081344/tools/bin/../lib/gcc/arm-none-eabi/13.3.1/thumb/v7e-m+dp/hard/crtn.o
OUTPUT(Lib1262.elf elf32-littlearm)
LOAD linker stubs
LOAD C:/ST/STM32CubeIDE_1.17.0/STM32CubeIDE/plugins/com.st.stm32cube.ide.mcu.externaltools.gnu-tools-for-stm32.13.3.rel1.win32_1.0.0.202411081344/tools/bin/../lib/gcc/arm-none-eabi/13.3.1/../../../../arm-none-eabi/lib/thumb/v7e-m+dp/hard\libc.a
LOAD C:/ST/STM32CubeIDE_1.17.0/STM32CubeIDE/plugins/com.st.stm32cube.ide.mcu.externaltools.gnu-tools-for-stm32.13.3.rel1.win32_1.0.0.202411081344/tools/bin/../lib/gcc/arm-none-eabi/13.3.1/../../../../arm-none-eabi/lib/thumb/v7e-m+dp/hard\libm.a
LOAD C:/ST/STM32CubeIDE_1.17.0/STM32CubeIDE/plugins/com.st.stm32cube.ide.mcu.externaltools.gnu-tools-for-stm32.13.3.rel1.win32_1.0.0.202411081344/tools/bin/../lib/gcc/arm-none-eabi/13.3.1/thumb/v7e-m+dp/hard\libgcc.a

.debug_info     0x00000000    0x179fa
 .debug_info    0x00000000     0x1433 ./Core/Libs/dev_sx1262/sx1262.o
 .debug_info    0x00001433      0xa16 ./Core/Libs/dev_sx1262/sx1262_hal.o
 .debug_info    0x00001e49     0x1e28 ./Core/Src/main.o
 .debug_info    0x00003c71     0x105f ./Core/Src/stm32h7xx_hal_msp.o
 .debug_info    0x00004cd0      0x6d3 ./Core/Src/stm32h7xx_it.o
 .debug_info    0x000053a3      0xbf0 ./Core/Src/system_stm32h7xx.o
 .debug_info    0x00005f93       0x30 ./Core/Startup/startup_stm32h723zgtx.o
 .debug_info    0x00005fc3     0x1698 ./Drivers/STM32H7xx_HAL_Driver/Src/stm32h7xx_hal.o
 .debug_info    0x0000765b     0x10a5 ./Drivers/STM32H7xx_HAL_Driver/Src/stm32h7xx_hal_cortex.o
 .debug_info    0x00008700      0xc6b ./Drivers/STM32H7xx_HAL_Driver/Src/stm32h7xx_hal_gpio.o
 .debug_info    0x0000936b     0x1561 ./Drivers/STM32H7xx_HAL_Driver/Src/stm32h7xx_hal_pcd.o
 .debug_info    0x0000a8cc      0x8b3 ./Drivers/STM32H7xx_HAL_Driver/Src/stm32h7xx_hal_pcd_ex.o
 .debug_info    0x0000b17f      0xdce ./Drivers/STM32H7xx_HAL_Driver/Src/stm32h7xx_hal_pwr_ex.o
 .debug_info    0x0000bf4d      0xd82 ./Drivers/STM32H7xx_HAL_Driver/Src/stm32h7xx_hal_rcc.o
 .debug_info    0x0000cccf     0x120b ./Drivers/STM32H7xx_HAL_Driver/Src/stm32h7xx_hal_rcc_ex.o
 .debug_info    0x0000deda     0x144a ./Drivers/STM32H7xx_HAL_Driver/Src/stm32h7xx_hal_spi.o
 .debug_info    0x0000f324     0x1a1e ./Drivers/STM32H7xx_HAL_Driver/Src/stm32h7xx_ll_usb.o
 .debug_info    0x00010d42     0x133d ./Middlewares/ST/STM32_USB_Device_Library/Class/CDC/Src/usbd_cdc.o
 .debug_info    0x0001207f      0xe20 ./Middlewares/ST/STM32_USB_Device_Library/Core/Src/usbd_core.o
 .debug_info    0x00012e9f      0xaf9 ./Middlewares/ST/STM32_USB_Device_Library/Core/Src/usbd_ctlreq.o
 .debug_info    0x00013998      0x770 ./Middlewares/ST/STM32_USB_Device_Library/Core/Src/usbd_ioreq.o
 .debug_info    0x00014108      0x725 ./USB_DEVICE/App/usb_device.o
 .debug_info    0x0001482d      0x915 ./USB_DEVICE/App/usbd_cdc_if.o
 .debug_info    0x00015142      0x4c5 ./USB_DEVICE/App/usbd_desc.o
 .debug_info    0x00015607     0x23f3 ./USB_DEVICE/Target/usbd_conf.o

.debug_abbrev   0x00000000     0x39e1
 .debug_abbrev  0x00000000      0x232 ./Core/Libs/dev_sx1262/sx1262.o
 .debug_abbrev  0x00000232      0x20b ./Core/Libs/dev_sx1262/sx1262_hal.o
 .debug_abbrev  0x0000043d      0x3a0 ./Core/Src/main.o
 .debug_abbrev  0x000007dd      0x206 ./Core/Src/stm32h7xx_hal_msp.o
 .debug_abbrev  0x000009e3      0x1a5 ./Core/Src/stm32h7xx_it.o
 .debug_abbrev  0x00000b88      0x153 ./Core/Src/system_stm32h7xx.o
 .debug_abbrev  0x00000cdb       0x24 ./Core/Startup/startup_stm32h723zgtx.o
 .debug_abbrev  0x00000cff      0x29e ./Drivers/STM32H7xx_HAL_Driver/Src/stm32h7xx_hal.o
 .debug_abbrev  0x00000f9d      0x339 ./Drivers/STM32H7xx_HAL_Driver/Src/stm32h7xx_hal_cortex.o
 .debug_abbrev  0x000012d6      0x205 ./Drivers/STM32H7xx_HAL_Driver/Src/stm32h7xx_hal_gpio.o
 .debug_abbrev  0x000014db      0x2dc ./Drivers/STM32H7xx_HAL_Driver/Src/stm32h7xx_hal_pcd.o
 .debug_abbrev  0x000017b7      0x256 ./Drivers/STM32H7xx_HAL_Driver/Src/stm32h7xx_hal_pcd_ex.o
 .debug_abbrev  0x00001a0d      0x295 ./Drivers/STM32H7xx_HAL_Driver/Src/stm32h7xx_hal_pwr_ex.o
 .debug_abbrev  0x00001ca2      0x2b1 ./Drivers/STM32H7xx_HAL_Driver/Src/stm32h7xx_hal_rcc.o
 .debug_abbrev  0x00001f53      0x269 ./Drivers/STM32H7xx_HAL_Driver/Src/stm32h7xx_hal_rcc_ex.o
 .debug_abbrev  0x000021bc      0x2b1 ./Drivers/STM32H7xx_HAL_Driver/Src/stm32h7xx_hal_spi.o
 .debug_abbrev  0x0000246d      0x2b3 ./Drivers/STM32H7xx_HAL_Driver/Src/stm32h7xx_ll_usb.o
 .debug_abbrev  0x00002720      0x2d2 ./Middlewares/ST/STM32_USB_Device_Library/Class/CDC/Src/usbd_cdc.o
 .debug_abbrev  0x000029f2      0x27c ./Middlewares/ST/STM32_USB_Device_Library/Core/Src/usbd_core.o
 .debug_abbrev  0x00002c6e      0x26f ./Middlewares/ST/STM32_USB_Device_Library/Core/Src/usbd_ctlreq.o
 .debug_abbrev  0x00002edd      0x19a ./Middlewares/ST/STM32_USB_Device_Library/Core/Src/usbd_ioreq.o
 .debug_abbrev  0x00003077      0x1a8 ./USB_DEVICE/App/usb_device.o
 .debug_abbrev  0x0000321f      0x29d ./USB_DEVICE/App/usbd_cdc_if.o
 .debug_abbrev  0x000034bc      0x1f5 ./USB_DEVICE/App/usbd_desc.o
 .debug_abbrev  0x000036b1      0x330 ./USB_DEVICE/Target/usbd_conf.o

.debug_aranges  0x00000000     0x11e8
 .debug_aranges
                0x00000000      0x110 ./Core/Libs/dev_sx1262/sx1262.o
 .debug_aranges
                0x00000110       0x58 ./Core/Libs/dev_sx1262/sx1262_hal.o
 .debug_aranges
                0x00000168       0x60 ./Core/Src/main.o
 .debug_aranges
                0x000001c8       0x30 ./Core/Src/stm32h7xx_hal_msp.o
 .debug_aranges
                0x000001f8       0x70 ./Core/Src/stm32h7xx_it.o
 .debug_aranges
                0x00000268       0x30 ./Core/Src/system_stm32h7xx.o
 .debug_aranges
                0x00000298       0x28 ./Core/Startup/startup_stm32h723zgtx.o
 .debug_aranges
                0x000002c0      0x1c8 ./Drivers/STM32H7xx_HAL_Driver/Src/stm32h7xx_hal.o
 .debug_aranges
                0x00000488      0x130 ./Drivers/STM32H7xx_HAL_Driver/Src/stm32h7xx_hal_cortex.o
 .debug_aranges
                0x000005b8       0x58 ./Drivers/STM32H7xx_HAL_Driver/Src/stm32h7xx_hal_gpio.o
 .debug_aranges
                0x00000610      0x140 ./Drivers/STM32H7xx_HAL_Driver/Src/stm32h7xx_hal_pcd.o
 .debug_aranges
                0x00000750       0x60 ./Drivers/STM32H7xx_HAL_Driver/Src/stm32h7xx_hal_pcd_ex.o
 .debug_aranges
                0x000007b0      0x148 ./Drivers/STM32H7xx_HAL_Driver/Src/stm32h7xx_hal_pwr_ex.o
 .debug_aranges
                0x000008f8       0x88 ./Drivers/STM32H7xx_HAL_Driver/Src/stm32h7xx_hal_rcc.o
 .debug_aranges
                0x00000980       0xf8 ./Drivers/STM32H7xx_HAL_Driver/Src/stm32h7xx_hal_rcc_ex.o
 .debug_aranges
                0x00000a78      0x1a8 ./Drivers/STM32H7xx_HAL_Driver/Src/stm32h7xx_hal_spi.o
 .debug_aranges
                0x00000c20      0x1a0 ./Drivers/STM32H7xx_HAL_Driver/Src/stm32h7xx_ll_usb.o
 .debug_aranges
                0x00000dc0       0x90 ./Middlewares/ST/STM32_USB_Device_Library/Class/CDC/Src/usbd_cdc.o
 .debug_aranges
                0x00000e50       0xd8 ./Middlewares/ST/STM32_USB_Device_Library/Core/Src/usbd_core.o
 .debug_aranges
                0x00000f28       0x90 ./Middlewares/ST/STM32_USB_Device_Library/Core/Src/usbd_ctlreq.o
 .debug_aranges
                0x00000fb8       0x50 ./Middlewares/ST/STM32_USB_Device_Library/Core/Src/usbd_ioreq.o
 .debug_aranges
                0x00001008       0x20 ./USB_DEVICE/App/usb_device.o
 .debug_aranges
                0x00001028       0x48 ./USB_DEVICE/App/usbd_cdc_if.o
 .debug_aranges
                0x00001070       0x68 ./USB_DEVICE/App/usbd_desc.o
 .debug_aranges
                0x000010d8      0x110 ./USB_DEVICE/Target/usbd_conf.o

.debug_rnglists
                0x00000000      0xd7c
 .debug_rnglists
                0x00000000       0xec ./Core/Libs/dev_sx1262/sx1262.o
 .debug_rnglists
                0x000000ec       0x3d ./Core/Libs/dev_sx1262/sx1262_hal.o
 .debug_rnglists
                0x00000129       0x48 ./Core/Src/main.o
 .debug_rnglists
                0x00000171       0x20 ./Core/Src/stm32h7xx_hal_msp.o
 .debug_rnglists
                0x00000191       0x4f ./Core/Src/stm32h7xx_it.o
 .debug_rnglists
                0x000001e0       0x21 ./Core/Src/system_stm32h7xx.o
 .debug_rnglists
                0x00000201       0x19 ./Core/Startup/startup_stm32h723zgtx.o
 .debug_rnglists
                0x0000021a      0x155 ./Drivers/STM32H7xx_HAL_Driver/Src/stm32h7xx_hal.o
 .debug_rnglists
                0x0000036f       0xe0 ./Drivers/STM32H7xx_HAL_Driver/Src/stm32h7xx_hal_cortex.o
 .debug_rnglists
                0x0000044f       0x3f ./Drivers/STM32H7xx_HAL_Driver/Src/stm32h7xx_hal_gpio.o
 .debug_rnglists
                0x0000048e       0xf4 ./Drivers/STM32H7xx_HAL_Driver/Src/stm32h7xx_hal_pcd.o
 .debug_rnglists
                0x00000582       0x45 ./Drivers/STM32H7xx_HAL_Driver/Src/stm32h7xx_hal_pcd_ex.o
 .debug_rnglists
                0x000005c7       0xf5 ./Drivers/STM32H7xx_HAL_Driver/Src/stm32h7xx_hal_pwr_ex.o
 .debug_rnglists
                0x000006bc       0x68 ./Drivers/STM32H7xx_HAL_Driver/Src/stm32h7xx_hal_rcc.o
 .debug_rnglists
                0x00000724       0xc0 ./Drivers/STM32H7xx_HAL_Driver/Src/stm32h7xx_hal_rcc_ex.o
 .debug_rnglists
                0x000007e4      0x148 ./Drivers/STM32H7xx_HAL_Driver/Src/stm32h7xx_hal_spi.o
 .debug_rnglists
                0x0000092c      0x147 ./Drivers/STM32H7xx_HAL_Driver/Src/stm32h7xx_ll_usb.o
 .debug_rnglists
                0x00000a73       0x6c ./Middlewares/ST/STM32_USB_Device_Library/Class/CDC/Src/usbd_cdc.o
 .debug_rnglists
                0x00000adf       0xa1 ./Middlewares/ST/STM32_USB_Device_Library/Core/Src/usbd_core.o
 .debug_rnglists
                0x00000b80       0x6e ./Middlewares/ST/STM32_USB_Device_Library/Core/Src/usbd_ctlreq.o
 .debug_rnglists
                0x00000bee       0x37 ./Middlewares/ST/STM32_USB_Device_Library/Core/Src/usbd_ioreq.o
 .debug_rnglists
                0x00000c25       0x13 ./USB_DEVICE/App/usb_device.o
 .debug_rnglists
                0x00000c38       0x32 ./USB_DEVICE/App/usbd_cdc_if.o
 .debug_rnglists
                0x00000c6a       0x49 ./USB_DEVICE/App/usbd_desc.o
 .debug_rnglists
                0x00000cb3       0xc9 ./USB_DEVICE/Target/usbd_conf.o

.debug_macro    0x00000000     0x675e
 .debug_macro   0x00000000      0x328 ./Core/Libs/dev_sx1262/sx1262.o
 .debug_macro   0x00000328      0x893 ./Core/Libs/dev_sx1262/sx1262.o
 .debug_macro   0x00000bbb       0x10 ./Core/Libs/dev_sx1262/sx1262.o
 .debug_macro   0x00000bcb       0x22 ./Core/Libs/dev_sx1262/sx1262.o
 .debug_macro   0x00000bed      0x2d7 ./Core/Libs/dev_sx1262/sx1262_hal.o
 .debug_macro   0x00000ec4      0x3b6 ./Core/Src/main.o
 .debug_macro   0x0000127a       0x1c ./Core/Src/main.o
 .debug_macro   0x00001296       0x10 ./Core/Src/main.o
 .debug_macro   0x000012a6       0x1c ./Core/Src/main.o
 .debug_macro   0x000012c2       0x16 ./Core/Src/main.o
 .debug_macro   0x000012d8      0x146 ./Core/Src/main.o
 .debug_macro   0x0000141e       0x16 ./Core/Src/main.o
 .debug_macro   0x00001434       0x16 ./Core/Src/main.o
 .debug_macro   0x0000144a       0x29 ./Core/Src/main.o
 .debug_macro   0x00001473       0x65 ./Core/Src/main.o
 .debug_macro   0x000014d8      0x20f ./Core/Src/main.o
 .debug_macro   0x000016e7      0x899 ./Core/Src/main.o
 .debug_macro   0x00001f80      0x2cd ./Core/Src/stm32h7xx_hal_msp.o
 .debug_macro   0x0000224d      0x2d7 ./Core/Src/stm32h7xx_it.o
 .debug_macro   0x00002524      0x2be ./Core/Src/system_stm32h7xx.o
 .debug_macro   0x000027e2      0x2e8 ./Drivers/STM32H7xx_HAL_Driver/Src/stm32h7xx_hal.o
 .debug_macro   0x00002aca      0x2be ./Drivers/STM32H7xx_HAL_Driver/Src/stm32h7xx_hal_cortex.o
 .debug_macro   0x00002d88      0x2c5 ./Drivers/STM32H7xx_HAL_Driver/Src/stm32h7xx_hal_gpio.o
 .debug_macro   0x0000304d      0x2ca ./Drivers/STM32H7xx_HAL_Driver/Src/stm32h7xx_hal_pcd.o
 .debug_macro   0x00003317      0x2be ./Drivers/STM32H7xx_HAL_Driver/Src/stm32h7xx_hal_pcd_ex.o
 .debug_macro   0x000035d5      0x2f7 ./Drivers/STM32H7xx_HAL_Driver/Src/stm32h7xx_hal_pwr_ex.o
 .debug_macro   0x000038cc      0x2e2 ./Drivers/STM32H7xx_HAL_Driver/Src/stm32h7xx_hal_rcc.o
 .debug_macro   0x00003bae      0x2dc ./Drivers/STM32H7xx_HAL_Driver/Src/stm32h7xx_hal_rcc_ex.o
 .debug_macro   0x00003e8a      0x2c6 ./Drivers/STM32H7xx_HAL_Driver/Src/stm32h7xx_hal_spi.o
 .debug_macro   0x00004150      0x2be ./Drivers/STM32H7xx_HAL_Driver/Src/stm32h7xx_ll_usb.o
 .debug_macro   0x0000440e      0x3c4 ./Middlewares/ST/STM32_USB_Device_Library/Class/CDC/Src/usbd_cdc.o
 .debug_macro   0x000047d2       0x16 ./Middlewares/ST/STM32_USB_Device_Library/Class/CDC/Src/usbd_cdc.o
 .debug_macro   0x000047e8       0x9e ./Middlewares/ST/STM32_USB_Device_Library/Class/CDC/Src/usbd_cdc.o
 .debug_macro   0x00004886      0x112 ./Middlewares/ST/STM32_USB_Device_Library/Class/CDC/Src/usbd_cdc.o
 .debug_macro   0x00004998       0x16 ./Middlewares/ST/STM32_USB_Device_Library/Class/CDC/Src/usbd_cdc.o
 .debug_macro   0x000049ae       0x95 ./Middlewares/ST/STM32_USB_Device_Library/Class/CDC/Src/usbd_cdc.o
 .debug_macro   0x00004a43      0x3ab ./Middlewares/ST/STM32_USB_Device_Library/Core/Src/usbd_core.o
 .debug_macro   0x00004dee      0x215 ./Middlewares/ST/STM32_USB_Device_Library/Core/Src/usbd_core.o
 .debug_macro   0x00005003      0x3b5 ./Middlewares/ST/STM32_USB_Device_Library/Core/Src/usbd_ctlreq.o
 .debug_macro   0x000053b8      0x3b1 ./Middlewares/ST/STM32_USB_Device_Library/Core/Src/usbd_ioreq.o
 .debug_macro   0x00005769      0x3d8 ./USB_DEVICE/App/usb_device.o
 .debug_macro   0x00005b41       0x40 ./USB_DEVICE/App/usb_device.o
 .debug_macro   0x00005b81       0x22 ./USB_DEVICE/App/usb_device.o
 .debug_macro   0x00005ba3       0x16 ./USB_DEVICE/App/usb_device.o
 .debug_macro   0x00005bb9      0x3cf ./USB_DEVICE/App/usbd_cdc_if.o
 .debug_macro   0x00005f88       0x10 ./USB_DEVICE/App/usbd_cdc_if.o
 .debug_macro   0x00005f98      0x3ee ./USB_DEVICE/App/usbd_desc.o
 .debug_macro   0x00006386       0x1c ./USB_DEVICE/App/usbd_desc.o
 .debug_macro   0x000063a2      0x3bc ./USB_DEVICE/Target/usbd_conf.o

.debug_line     0x00000000    0x180e3
 .debug_line    0x00000000     0x1178 ./Core/Libs/dev_sx1262/sx1262.o
 .debug_line    0x00001178      0x9a8 ./Core/Libs/dev_sx1262/sx1262_hal.o
 .debug_line    0x00001b20      0xcc0 ./Core/Src/main.o
 .debug_line    0x000027e0      0x952 ./Core/Src/stm32h7xx_hal_msp.o
 .debug_line    0x00003132      0x9cd ./Core/Src/stm32h7xx_it.o
 .debug_line    0x00003aff      0xae2 ./Core/Src/system_stm32h7xx.o
 .debug_line    0x000045e1       0x7b ./Core/Startup/startup_stm32h723zgtx.o
 .debug_line    0x0000465c      0xf57 ./Drivers/STM32H7xx_HAL_Driver/Src/stm32h7xx_hal.o
 .debug_line    0x000055b3      0xeb0 ./Drivers/STM32H7xx_HAL_Driver/Src/stm32h7xx_hal_cortex.o
 .debug_line    0x00006463      0xd3b ./Drivers/STM32H7xx_HAL_Driver/Src/stm32h7xx_hal_gpio.o
 .debug_line    0x0000719e     0x162e ./Drivers/STM32H7xx_HAL_Driver/Src/stm32h7xx_hal_pcd.o
 .debug_line    0x000087cc      0xaf4 ./Drivers/STM32H7xx_HAL_Driver/Src/stm32h7xx_hal_pcd_ex.o
 .debug_line    0x000092c0      0xf95 ./Drivers/STM32H7xx_HAL_Driver/Src/stm32h7xx_hal_pwr_ex.o
 .debug_line    0x0000a255     0x14d4 ./Drivers/STM32H7xx_HAL_Driver/Src/stm32h7xx_hal_rcc.o
 .debug_line    0x0000b729     0x1d88 ./Drivers/STM32H7xx_HAL_Driver/Src/stm32h7xx_hal_rcc_ex.o
 .debug_line    0x0000d4b1     0x2258 ./Drivers/STM32H7xx_HAL_Driver/Src/stm32h7xx_hal_spi.o
 .debug_line    0x0000f709     0x1ee2 ./Drivers/STM32H7xx_HAL_Driver/Src/stm32h7xx_ll_usb.o
 .debug_line    0x000115eb      0xf1e ./Middlewares/ST/STM32_USB_Device_Library/Class/CDC/Src/usbd_cdc.o
 .debug_line    0x00012509      0xfc1 ./Middlewares/ST/STM32_USB_Device_Library/Core/Src/usbd_core.o
 .debug_line    0x000134ca     0x11bb ./Middlewares/ST/STM32_USB_Device_Library/Core/Src/usbd_ctlreq.o
 .debug_line    0x00014685      0xad7 ./Middlewares/ST/STM32_USB_Device_Library/Core/Src/usbd_ioreq.o
 .debug_line    0x0001515c      0xaa6 ./USB_DEVICE/App/usb_device.o
 .debug_line    0x00015c02      0xaf6 ./USB_DEVICE/App/usbd_cdc_if.o
 .debug_line    0x000166f8      0xb67 ./USB_DEVICE/App/usbd_desc.o
 .debug_line    0x0001725f      0xe84 ./USB_DEVICE/Target/usbd_conf.o

.debug_str      0x00000000   0x145132
 .debug_str     0x00000000   0x145132 ./Core/Libs/dev_sx1262/sx1262.o
                             0x13e2c5 (size before relaxing)
 .debug_str     0x00145132   0x13b1c5 ./Core/Libs/dev_sx1262/sx1262_hal.o
 .debug_str     0x00145132   0x1405e8 ./Core/Src/main.o
 .debug_str     0x00145132   0x13b63c ./Core/Src/stm32h7xx_hal_msp.o
 .debug_str     0x00145132   0x13af0f ./Core/Src/stm32h7xx_it.o
 .debug_str     0x00145132   0x13addc ./Core/Src/system_stm32h7xx.o
 .debug_str     0x00145132       0x81 ./Core/Startup/startup_stm32h723zgtx.o
 .debug_str     0x00145132   0x13be27 ./Drivers/STM32H7xx_HAL_Driver/Src/stm32h7xx_hal.o
 .debug_str     0x00145132   0x13b741 ./Drivers/STM32H7xx_HAL_Driver/Src/stm32h7xx_hal_cortex.o
 .debug_str     0x00145132   0x13ade8 ./Drivers/STM32H7xx_HAL_Driver/Src/stm32h7xx_hal_gpio.o
 .debug_str     0x00145132   0x13b59a ./Drivers/STM32H7xx_HAL_Driver/Src/stm32h7xx_hal_pcd.o
 .debug_str     0x00145132   0x13af38 ./Drivers/STM32H7xx_HAL_Driver/Src/stm32h7xx_hal_pcd_ex.o
 .debug_str     0x00145132   0x13b1f0 ./Drivers/STM32H7xx_HAL_Driver/Src/stm32h7xx_hal_pwr_ex.o
 .debug_str     0x00145132   0x13b16b ./Drivers/STM32H7xx_HAL_Driver/Src/stm32h7xx_hal_rcc.o
 .debug_str     0x00145132   0x13b683 ./Drivers/STM32H7xx_HAL_Driver/Src/stm32h7xx_hal_rcc_ex.o
 .debug_str     0x00145132   0x13b4ee ./Drivers/STM32H7xx_HAL_Driver/Src/stm32h7xx_hal_spi.o
 .debug_str     0x00145132   0x13b494 ./Drivers/STM32H7xx_HAL_Driver/Src/stm32h7xx_ll_usb.o
 .debug_str     0x00145132   0x13caec ./Middlewares/ST/STM32_USB_Device_Library/Class/CDC/Src/usbd_cdc.o
 .debug_str     0x00145132   0x13c3fa ./Middlewares/ST/STM32_USB_Device_Library/Core/Src/usbd_core.o
 .debug_str     0x00145132   0x13c225 ./Middlewares/ST/STM32_USB_Device_Library/Core/Src/usbd_ctlreq.o
 .debug_str     0x00145132   0x13c0fa ./Middlewares/ST/STM32_USB_Device_Library/Core/Src/usbd_ioreq.o
 .debug_str     0x00145132   0x13c4d0 ./USB_DEVICE/App/usb_device.o
 .debug_str     0x00145132   0x13c4ed ./USB_DEVICE/App/usbd_cdc_if.o
 .debug_str     0x00145132   0x13c024 ./USB_DEVICE/App/usbd_desc.o
 .debug_str     0x00145132   0x13dafd ./USB_DEVICE/Target/usbd_conf.o

.comment        0x00000000       0x43
 .comment       0x00000000       0x43 ./Core/Libs/dev_sx1262/sx1262.o
                                 0x44 (size before relaxing)
 .comment       0x00000043       0x44 ./Core/Libs/dev_sx1262/sx1262_hal.o
 .comment       0x00000043       0x44 ./Core/Src/main.o
 .comment       0x00000043       0x44 ./Core/Src/stm32h7xx_hal_msp.o
 .comment       0x00000043       0x44 ./Core/Src/stm32h7xx_it.o
 .comment       0x00000043       0x44 ./Core/Src/system_stm32h7xx.o
 .comment       0x00000043       0x44 ./Drivers/STM32H7xx_HAL_Driver/Src/stm32h7xx_hal.o
 .comment       0x00000043       0x44 ./Drivers/STM32H7xx_HAL_Driver/Src/stm32h7xx_hal_cortex.o
 .comment       0x00000043       0x44 ./Drivers/STM32H7xx_HAL_Driver/Src/stm32h7xx_hal_gpio.o
 .comment       0x00000043       0x44 ./Drivers/STM32H7xx_HAL_Driver/Src/stm32h7xx_hal_pcd.o
 .comment       0x00000043       0x44 ./Drivers/STM32H7xx_HAL_Driver/Src/stm32h7xx_hal_pcd_ex.o
 .comment       0x00000043       0x44 ./Drivers/STM32H7xx_HAL_Driver/Src/stm32h7xx_hal_pwr_ex.o
 .comment       0x00000043       0x44 ./Drivers/STM32H7xx_HAL_Driver/Src/stm32h7xx_hal_rcc.o
 .comment       0x00000043       0x44 ./Drivers/STM32H7xx_HAL_Driver/Src/stm32h7xx_hal_rcc_ex.o
 .comment       0x00000043       0x44 ./Drivers/STM32H7xx_HAL_Driver/Src/stm32h7xx_hal_spi.o
 .comment       0x00000043       0x44 ./Drivers/STM32H7xx_HAL_Driver/Src/stm32h7xx_ll_usb.o
 .comment       0x00000043       0x44 ./Middlewares/ST/STM32_USB_Device_Library/Class/CDC/Src/usbd_cdc.o
 .comment       0x00000043       0x44 ./Middlewares/ST/STM32_USB_Device_Library/Core/Src/usbd_core.o
 .comment       0x00000043       0x44 ./Middlewares/ST/STM32_USB_Device_Library/Core/Src/usbd_ctlreq.o
 .comment       0x00000043       0x44 ./Middlewares/ST/STM32_USB_Device_Library/Core/Src/usbd_ioreq.o
 .comment       0x00000043       0x44 ./USB_DEVICE/App/usb_device.o
 .comment       0x00000043       0x44 ./USB_DEVICE/App/usbd_cdc_if.o
 .comment       0x00000043       0x44 ./USB_DEVICE/App/usbd_desc.o
 .comment       0x00000043       0x44 ./USB_DEVICE/Target/usbd_conf.o

.debug_frame    0x00000000     0x4934
 .debug_frame   0x00000000      0x494 ./Core/Libs/dev_sx1262/sx1262.o
 .debug_frame   0x00000494      0x114 ./Core/Libs/dev_sx1262/sx1262_hal.o
 .debug_frame   0x000005a8      0x148 ./Core/Src/main.o
 .debug_frame   0x000006f0       0x84 ./Core/Src/stm32h7xx_hal_msp.o
 .debug_frame   0x00000774      0x13c ./Core/Src/stm32h7xx_it.o
 .debug_frame   0x000008b0       0x78 ./Core/Src/system_stm32h7xx.o
 .debug_frame   0x00000928      0x760 ./Drivers/STM32H7xx_HAL_Driver/Src/stm32h7xx_hal.o
 .debug_frame   0x00001088      0x508 ./Drivers/STM32H7xx_HAL_Driver/Src/stm32h7xx_hal_cortex.o
 .debug_frame   0x00001590      0x14c ./Drivers/STM32H7xx_HAL_Driver/Src/stm32h7xx_hal_gpio.o
 .debug_frame   0x000016dc      0x590 ./Drivers/STM32H7xx_HAL_Driver/Src/stm32h7xx_hal_pcd.o
 .debug_frame   0x00001c6c      0x174 ./Drivers/STM32H7xx_HAL_Driver/Src/stm32h7xx_hal_pcd_ex.o
 .debug_frame   0x00001de0      0x540 ./Drivers/STM32H7xx_HAL_Driver/Src/stm32h7xx_hal_pwr_ex.o
 .debug_frame   0x00002320      0x1fc ./Drivers/STM32H7xx_HAL_Driver/Src/stm32h7xx_hal_rcc.o
 .debug_frame   0x0000251c      0x414 ./Drivers/STM32H7xx_HAL_Driver/Src/stm32h7xx_hal_rcc_ex.o
 .debug_frame   0x00002930      0x7a8 ./Drivers/STM32H7xx_HAL_Driver/Src/stm32h7xx_hal_spi.o
 .debug_frame   0x000030d8      0x7c0 ./Drivers/STM32H7xx_HAL_Driver/Src/stm32h7xx_ll_usb.o
 .debug_frame   0x00003898      0x23c ./Middlewares/ST/STM32_USB_Device_Library/Class/CDC/Src/usbd_cdc.o
 .debug_frame   0x00003ad4      0x390 ./Middlewares/ST/STM32_USB_Device_Library/Core/Src/usbd_core.o
 .debug_frame   0x00003e64      0x23c ./Middlewares/ST/STM32_USB_Device_Library/Core/Src/usbd_ctlreq.o
 .debug_frame   0x000040a0      0x10c ./Middlewares/ST/STM32_USB_Device_Library/Core/Src/usbd_ioreq.o
 .debug_frame   0x000041ac       0x2c ./USB_DEVICE/App/usb_device.o
 .debug_frame   0x000041d8       0xe4 ./USB_DEVICE/App/usbd_cdc_if.o
 .debug_frame   0x000042bc      0x188 ./USB_DEVICE/App/usbd_desc.o
 .debug_frame   0x00004444      0x47c ./USB_DEVICE/Target/usbd_conf.o
 .debug_frame   0x000048c0       0x20 C:/ST/STM32CubeIDE_1.17.0/STM32CubeIDE/plugins/com.st.stm32cube.ide.mcu.externaltools.gnu-tools-for-stm32.13.3.rel1.win32_1.0.0.202411081344/tools/bin/../lib/gcc/arm-none-eabi/13.3.1/../../../../arm-none-eabi/lib/thumb/v7e-m+dp/hard\libc_nano.a(libc_a-memset.o)
 .debug_frame   0x000048e0       0x2c C:/ST/STM32CubeIDE_1.17.0/STM32CubeIDE/plugins/com.st.stm32cube.ide.mcu.externaltools.gnu-tools-for-stm32.13.3.rel1.win32_1.0.0.202411081344/tools/bin/../lib/gcc/arm-none-eabi/13.3.1/../../../../arm-none-eabi/lib/thumb/v7e-m+dp/hard\libc_nano.a(libc_a-init.o)
 .debug_frame   0x0000490c       0x28 C:/ST/STM32CubeIDE_1.17.0/STM32CubeIDE/plugins/com.st.stm32cube.ide.mcu.externaltools.gnu-tools-for-stm32.13.3.rel1.win32_1.0.0.202411081344/tools/bin/../lib/gcc/arm-none-eabi/13.3.1/../../../../arm-none-eabi/lib/thumb/v7e-m+dp/hard\libc_nano.a(libc_a-memcpy-stub.o)

.debug_line_str
                0x00000000       0x65
 .debug_line_str
                0x00000000       0x65 ./Core/Startup/startup_stm32h723zgtx.o