../Core/Libs/SX1262.c:29:9:SX1262_Get_st	4	static
../Core/Libs/SX1262.c:36:6:SX1262_CSLow	8	static
../Core/Libs/SX1262.c:43:6:SX1262_CSHigh	8	static
../Core/Libs/SX1262.c:50:5:SX1262_IsBusy	8	static
../Core/Libs/SX1262.c:57:6:SX1262_BusyWait	8	static
../Core/Libs/SX1262.c:67:6:SX1262_TxWait	4	static
../Core/Libs/SX1262.c:74:6:SX1262_Set_Command	32	static
../Core/Libs/SX1262.c:98:6:SX1262_HandleCallback	32	static
../Core/Libs/SX1262.c:180:6:SX1262_Transmit	32	static
../Core/Libs/SX1262.c:236:6:SX1262_Init	16	static
../Core/Libs/SX1262.c:265:9:SX1262_Check_Correct	16	static
../Core/Libs/SX1262.c:294:9:SX1262_waitForRadioCommandCompletion	40	static
../Core/Libs/SX1262.c:343:6:SX1262_setModeStandby	16	static
../Core/Libs/SX1262.c:358:6:SX1262_setModeReceive	16	static
../Core/Libs/SX1262.c:390:6:SX1262_setRX	16	static
../Core/Libs/SX1262.c:426:9:SX1262_getstatus	24	static
../Core/Libs/SX1262.c:442:6:SX1262_Radio_essental_Config	16	static
../Core/Libs/SX1262.c:536:6:SX1262_SetFrequency	40	static
